#
# There is insufficient memory for the Java Runtime Environment to continue.
# Native memory allocation (malloc) failed to allocate 2271376 bytes. Error detail: Chunk::new
# Possible reasons:
#   The system is out of physical RAM or swap space
#   This process is running with CompressedOops enabled, and the Java Heap may be blocking the growth of the native heap
# Possible solutions:
#   Reduce memory load on the system
#   Increase physical memory or swap space
#   Check if swap backing store is full
#   Decrease Java heap size (-Xmx/-Xms)
#   Decrease number of Java threads
#   Decrease Java thread stack sizes (-Xss)
#   Set larger code cache with -XX:ReservedCodeCacheSize=
#   JVM is running with Zero Based Compressed Oops mode in which the Java heap is
#     placed in the first 32GB address space. The Java Heap base address is the
#     maximum limit for the native heap growth. Please use -XX:HeapBaseMinAddress
#     to set the Java Heap base and to place the Java Heap above 32GB virtual address.
# This output file may be truncated or incomplete.
#
#  Out of Memory Error (arena.cpp:162), pid=4596, tid=14520
#
# JRE version: OpenJDK Runtime Environment Zulu24.32+13-CA (24.0.2+12) (build 24.0.2+12)
# Java VM: OpenJDK 64-Bit Server VM Zulu24.32+13-CA (24.0.2+12, mixed mode, sharing, tiered, compressed oops, compressed class ptrs, g1 gc, windows-amd64)
# No core dump will be written. Minidumps are not enabled by default on client versions of Windows
#

---------------  S U M M A R Y ------------

Command Line: -Dfile.encoding=UTF-8 --module-path=C:\Users\DELL\Documents\NetBeansProjects\ project_1\build\classes project_1

Host: Intel(R) Core(TM) i7-9850H CPU @ 2.60GHz, 12 cores, 15G,  Windows 11 , 64 bit Build 26100 (10.0.26100.7019)
Time: Sat Nov 29 14:24:29 2025 Egypt Standard Time elapsed time: 7.395719 seconds (0d 0h 0m 7s)

---------------  T H R E A D  ---------------

Current thread (0x000001d59bb1cad0):  JavaThread "C2 CompilerThread0" daemon [_thread_in_native, id=14520, stack(0x0000006c58900000,0x0000006c58a00000) (1024K)]


Current CompileTask:
C2:7395 2134 %     4       java.util.Properties$LineReader::readLine @ 53 (584 bytes)

Stack: [0x0000006c58900000,0x0000006c58a00000]
Native frames: (J=compiled Java code, j=interpreted, Vv=VM code, C=native code)
V  [jvm.dll+0x741329]  (no source info available)
V  [jvm.dll+0x97e243]  (no source info available)
V  [jvm.dll+0x98056d]  (no source info available)
V  [jvm.dll+0x980be3]  (no source info available)
V  [jvm.dll+0x2b5a76]  (no source info available)
V  [jvm.dll+0xd00af]  (no source info available)
V  [jvm.dll+0xd030f]  (no source info available)
V  [jvm.dll+0x15b85f]  (no source info available)
V  [jvm.dll+0x746bef]  (no source info available)
V  [jvm.dll+0x27a478]  (no source info available)
V  [jvm.dll+0x279591]  (no source info available)
V  [jvm.dll+0x1f30fa]  (no source info available)
V  [jvm.dll+0x288d95]  (no source info available)
V  [jvm.dll+0x28702a]  (no source info available)
V  [jvm.dll+0x43e016]  (no source info available)
V  [jvm.dll+0x920c78]  (no source info available)
V  [jvm.dll+0x73fab5]  (no source info available)
C  [ucrtbase.dll+0x37b0]  (no source info available)
C  [KERNEL32.DLL+0x2e8d7]  (no source info available)
C  [ntdll.dll+0x8c53c]  (no source info available)

Lock stack of current Java thread (top to bottom):


---------------  P R O C E S S  ---------------

Threads class SMR info:
_java_thread_list=0x000001d5e14d5570, length=19, elements={
0x000001d59bafe530, 0x000001d59bafec70, 0x000001d59bb01c80, 0x000001d59bb02a30,
0x000001d59bb03560, 0x000001d59bb0c0a0, 0x000001d59bb1cad0, 0x000001d59bb1d650,
0x000001d59bbf36b0, 0x000001d59bbf69e0, 0x000001d59bbf3e00, 0x000001d59bbf4550,
0x000001d59bbf4ca0, 0x000001d59bbf53f0, 0x000001d59bbf5b40, 0x000001d5e1788830,
0x000001d5e17880e0, 0x000001d59bb95fb0, 0x000001d5e2fc0010
}

Java Threads: ( => current thread )
  0x000001d59bafe530 JavaThread "Reference Handler"          daemon [_thread_blocked, id=29420, stack(0x0000006c58300000,0x0000006c58400000) (1024K)]
  0x000001d59bafec70 JavaThread "Finalizer"                  daemon [_thread_blocked, id=33708, stack(0x0000006c58400000,0x0000006c58500000) (1024K)]
  0x000001d59bb01c80 JavaThread "Signal Dispatcher"          daemon [_thread_blocked, id=3696, stack(0x0000006c58500000,0x0000006c58600000) (1024K)]
  0x000001d59bb02a30 JavaThread "Attach Listener"            daemon [_thread_blocked, id=3956, stack(0x0000006c58600000,0x0000006c58700000) (1024K)]
  0x000001d59bb03560 JavaThread "Service Thread"             daemon [_thread_blocked, id=9820, stack(0x0000006c58700000,0x0000006c58800000) (1024K)]
  0x000001d59bb0c0a0 JavaThread "Monitor Deflation Thread"   daemon [_thread_blocked, id=12168, stack(0x0000006c58800000,0x0000006c58900000) (1024K)]
=>0x000001d59bb1cad0 JavaThread "C2 CompilerThread0"         daemon [_thread_in_native, id=14520, stack(0x0000006c58900000,0x0000006c58a00000) (1024K)]
  0x000001d59bb1d650 JavaThread "C1 CompilerThread0"         daemon [_thread_in_vm, id=32008, stack(0x0000006c58a00000,0x0000006c58b00000) (1024K)]
  0x000001d59bbf36b0 JavaThread "Common-Cleaner"             daemon [_thread_blocked, id=35776, stack(0x0000006c58b00000,0x0000006c58c00000) (1024K)]
  0x000001d59bbf69e0 JavaThread "Notification Thread"        daemon [_thread_blocked, id=2696, stack(0x0000006c58d00000,0x0000006c58e00000) (1024K)]
  0x000001d59bbf3e00 JavaThread "Java2D Disposer"            daemon [_thread_blocked, id=12620, stack(0x0000006c58e00000,0x0000006c58f00000) (1024K)]
  0x000001d59bbf4550 JavaThread "AWT-Shutdown"                      [_thread_blocked, id=28132, stack(0x0000006c58f00000,0x0000006c59000000) (1024K)]
  0x000001d59bbf4ca0 JavaThread "AWT-Windows"                daemon [_thread_in_native, id=14456, stack(0x0000006c59000000,0x0000006c59100000) (1024K)]
  0x000001d59bbf53f0 JavaThread "AWT-EventQueue-0"                  [_thread_in_vm, id=20972, stack(0x0000006c59100000,0x0000006c59200000) (1024K)]
  0x000001d59bbf5b40 JavaThread "DestroyJavaVM"                     [_thread_blocked, id=24144, stack(0x0000006c57b00000,0x0000006c57c00000) (1024K)]
  0x000001d5e1788830 JavaThread "TimerQueue"                 daemon [_thread_blocked, id=18016, stack(0x0000006c59300000,0x0000006c59400000) (1024K)]
  0x000001d5e17880e0 JavaThread "mysql-cj-abandoned-connection-cleanup" daemon [_thread_blocked, id=37896, stack(0x0000006c58c00000,0x0000006c58d00000) (1024K)]
  0x000001d59bb95fb0 JavaThread "C2 CompilerThread1"         daemon [_thread_in_native, id=31652, stack(0x0000006c59200000,0x0000006c59300000) (1024K)]
  0x000001d5e2fc0010 JavaThread "C2 CompilerThread2"         daemon [_thread_blocked, id=29004, stack(0x0000006c59e00000,0x0000006c59f00000) (1024K)]
Total: 19

Other Threads:
  0x000001d59baedf10 VMThread "VM Thread"                           [id=32096, stack(0x0000006c58200000,0x0000006c58300000) (1024K)]
  0x000001d5fbe11dd0 WatcherThread "VM Periodic Task Thread"        [id=37560, stack(0x0000006c58100000,0x0000006c58200000) (1024K)]
  0x000001d5fbe835c0 WorkerThread "GC Thread#0"                     [id=2620, stack(0x0000006c57c00000,0x0000006c57d00000) (1024K)]
  0x000001d5e2a46200 WorkerThread "GC Thread#1"                     [id=6572, stack(0x0000006c59700000,0x0000006c59800000) (1024K)]
  0x000001d5e2993d60 WorkerThread "GC Thread#2"                     [id=38844, stack(0x0000006c59800000,0x0000006c59900000) (1024K)]
  0x000001d5e2994110 WorkerThread "GC Thread#3"                     [id=27396, stack(0x0000006c59900000,0x0000006c59a00000) (1024K)]
  0x000001d5e29944c0 WorkerThread "GC Thread#4"                     [id=39112, stack(0x0000006c59a00000,0x0000006c59b00000) (1024K)]
  0x000001d5e2994870 WorkerThread "GC Thread#5"                     [id=35104, stack(0x0000006c59b00000,0x0000006c59c00000) (1024K)]
  0x000001d5e2a11310 WorkerThread "GC Thread#6"                     [id=16416, stack(0x0000006c59c00000,0x0000006c59d00000) (1024K)]
  0x000001d5e2a116c0 WorkerThread "GC Thread#7"                     [id=37980, stack(0x0000006c59d00000,0x0000006c59e00000) (1024K)]
  0x000001d5fbe98080 ConcurrentGCThread "G1 Main Marker"            [id=13184, stack(0x0000006c57d00000,0x0000006c57e00000) (1024K)]
  0x000001d5fbe99a80 WorkerThread "G1 Conc#0"                       [id=37688, stack(0x0000006c57e00000,0x0000006c57f00000) (1024K)]
  0x000001d59b9931e0 ConcurrentGCThread "G1 Refine#0"               [id=23988, stack(0x0000006c57f00000,0x0000006c58000000) (1024K)]
  0x000001d59b993d60 ConcurrentGCThread "G1 Service"                [id=35176, stack(0x0000006c58000000,0x0000006c58100000) (1024K)]
Total: 14

Threads with active compile tasks:
C2 CompilerThread0  8465 2134 %     4       java.util.Properties$LineReader::readLine @ 53 (584 bytes)
C1 CompilerThread0  8465 2257       3       java.security.CodeSource::getCertificates (95 bytes)
C2 CompilerThread1  8465 2132       4       java.util.Properties::loadConvert (540 bytes)
Total: 3

VM state: not at safepoint (normal execution)

VM Mutex/Monitor currently owned by a thread: None

Heap address: 0x0000000704600000, size: 4026 MB, Compressed Oops mode: Zero based, Oop shift amount: 3

CDS archive(s) mapped at: [0x000001d59c000000-0x000001d59cd40000-0x000001d59cd40000), size 13893632, SharedBaseAddress: 0x000001d59c000000, ArchiveRelocationMode: 1.
Compressed class space mapped at: 0x000001d59d000000-0x000001d5dd000000, reserved size: 1073741824
UseCompressedClassPointers 1, UseCompactObjectHeaders 0
Narrow klass pointer bits 32, Max shift 3
Narrow klass base: 0x000001d59c000000, Narrow klass shift: 0
Encoding Range: [0x000001d59c000000 - 0x000001d69c000000), (4294967296 bytes)
Klass Range:    [0x000001d59c000000 - 0x000001d5dd000000), (1090519040 bytes)
Klass ID Range:  [8 - 1090519033) (1090519025)

GC Precious Log:
 CardTable entry size: 512
 Card Set container configuration: InlinePtr #cards 4 size 8 Array Of Cards #cards 16 size 48 Howl #buckets 8 coarsen threshold 3686 Howl Bitmap #cards 512 size 80 coarsen threshold 460 Card regions per heap region 1 cards per card region 4096
 CPUs: 12 total, 12 available
 Memory: 16102M
 Large Page Support: Disabled
 NUMA Support: Disabled
 Compressed Oops: Enabled (Zero based)
 Heap Region Size: 2M
 Heap Min Capacity: 8M
 Heap Initial Capacity: 252M
 Heap Max Capacity: 4026M
 Pre-touch: Disabled
 Parallel Workers: 10
 Concurrent Workers: 3
 Concurrent Refinement Workers: 10
 Periodic GC: Disabled

Heap:
 garbage-first heap   total reserved 4122624K, committed 260096K, used 45396K [0x0000000704600000, 0x0000000800000000)
  region size 2048K, 9 young (18432K), 3 survivors (6144K)
 Metaspace       used 15491K, committed 16000K, reserved 1114112K
  class space    used 1558K, committed 1792K, reserved 1048576K

Heap Regions: E=young(eden), S=young(survivor), O=old, HS=humongous(starts), HC=humongous(continues), CS=collection set, F=free, TAMS=top-at-mark-start, PB=parsable bottom
|   0|0x0000000704600000, 0x0000000704800000, 0x0000000704800000|100%|HS|  |TAMS 0x0000000704600000| PB 0x0000000704600000| Complete |  0
|   1|0x0000000704800000, 0x0000000704a00000, 0x0000000704a00000|100%|HC|  |TAMS 0x0000000704800000| PB 0x0000000704800000| Complete |  0
|   2|0x0000000704a00000, 0x0000000704c00000, 0x0000000704c00000|100%|HS|  |TAMS 0x0000000704a00000| PB 0x0000000704a00000| Complete |  0
|   3|0x0000000704c00000, 0x0000000704e00000, 0x0000000704e00000|100%|HC|  |TAMS 0x0000000704c00000| PB 0x0000000704c00000| Complete |  0
|   4|0x0000000704e00000, 0x0000000705000000, 0x0000000705000000|100%|HS|  |TAMS 0x0000000704e00000| PB 0x0000000704e00000| Complete |  0
|   5|0x0000000705000000, 0x0000000705200000, 0x0000000705200000|100%|HC|  |TAMS 0x0000000705000000| PB 0x0000000705000000| Complete |  0
|   6|0x0000000705200000, 0x0000000705400000, 0x0000000705400000|100%|HS|  |TAMS 0x0000000705200000| PB 0x0000000705200000| Complete |  0
|   7|0x0000000705400000, 0x0000000705600000, 0x0000000705600000|100%|HC|  |TAMS 0x0000000705400000| PB 0x0000000705400000| Complete |  0
|   8|0x0000000705600000, 0x0000000705800000, 0x0000000705800000|100%|HS|  |TAMS 0x0000000705600000| PB 0x0000000705600000| Complete |  0
|   9|0x0000000705800000, 0x0000000705a00000, 0x0000000705a00000|100%|HC|  |TAMS 0x0000000705800000| PB 0x0000000705800000| Complete |  0
|  10|0x0000000705a00000, 0x0000000705c00000, 0x0000000705c00000|100%|HS|  |TAMS 0x0000000705a00000| PB 0x0000000705a00000| Complete |  0
|  11|0x0000000705c00000, 0x0000000705e00000, 0x0000000705e00000|100%|HC|  |TAMS 0x0000000705c00000| PB 0x0000000705c00000| Complete |  0
|  12|0x0000000705e00000, 0x0000000706000000, 0x0000000706000000|100%|HS|  |TAMS 0x0000000705e00000| PB 0x0000000705e00000| Complete |  0
|  13|0x0000000706000000, 0x0000000706200000, 0x0000000706200000|100%|HS|  |TAMS 0x0000000706000000| PB 0x0000000706000000| Complete |  0
|  14|0x0000000706200000, 0x0000000706400000, 0x0000000706400000|100%|HC|  |TAMS 0x0000000706200000| PB 0x0000000706200000| Complete |  0
|  15|0x0000000706400000, 0x0000000706400000, 0x0000000706600000|  0%| F|  |TAMS 0x0000000706400000| PB 0x0000000706400000| Untracked |  0
|  16|0x0000000706600000, 0x0000000706600000, 0x0000000706800000|  0%| F|  |TAMS 0x0000000706600000| PB 0x0000000706600000| Untracked |  0
|  17|0x0000000706800000, 0x0000000706800000, 0x0000000706a00000|  0%| F|  |TAMS 0x0000000706800000| PB 0x0000000706800000| Untracked |  0
|  18|0x0000000706a00000, 0x0000000706a00000, 0x0000000706c00000|  0%| F|  |TAMS 0x0000000706a00000| PB 0x0000000706a00000| Untracked |  0
|  19|0x0000000706c00000, 0x0000000706c00000, 0x0000000706e00000|  0%| F|  |TAMS 0x0000000706c00000| PB 0x0000000706c00000| Untracked |  0
|  20|0x0000000706e00000, 0x0000000706e00000, 0x0000000707000000|  0%| F|  |TAMS 0x0000000706e00000| PB 0x0000000706e00000| Untracked |  0
|  21|0x0000000707000000, 0x0000000707000000, 0x0000000707200000|  0%| F|  |TAMS 0x0000000707000000| PB 0x0000000707000000| Untracked |  0
|  22|0x0000000707200000, 0x0000000707200000, 0x0000000707400000|  0%| F|  |TAMS 0x0000000707200000| PB 0x0000000707200000| Untracked |  0
|  23|0x0000000707400000, 0x0000000707400000, 0x0000000707600000|  0%| F|  |TAMS 0x0000000707400000| PB 0x0000000707400000| Untracked |  0
|  24|0x0000000707600000, 0x0000000707600000, 0x0000000707800000|  0%| F|  |TAMS 0x0000000707600000| PB 0x0000000707600000| Untracked |  0
|  25|0x0000000707800000, 0x0000000707800000, 0x0000000707a00000|  0%| F|  |TAMS 0x0000000707800000| PB 0x0000000707800000| Untracked |  0
|  26|0x0000000707a00000, 0x0000000707a00000, 0x0000000707c00000|  0%| F|  |TAMS 0x0000000707a00000| PB 0x0000000707a00000| Untracked |  0
|  27|0x0000000707c00000, 0x0000000707c00000, 0x0000000707e00000|  0%| F|  |TAMS 0x0000000707c00000| PB 0x0000000707c00000| Untracked |  0
|  28|0x0000000707e00000, 0x0000000707e00000, 0x0000000708000000|  0%| F|  |TAMS 0x0000000707e00000| PB 0x0000000707e00000| Untracked |  0
|  29|0x0000000708000000, 0x0000000708000000, 0x0000000708200000|  0%| F|  |TAMS 0x0000000708000000| PB 0x0000000708000000| Untracked |  0
|  30|0x0000000708200000, 0x0000000708200000, 0x0000000708400000|  0%| F|  |TAMS 0x0000000708200000| PB 0x0000000708200000| Untracked |  0
|  31|0x0000000708400000, 0x0000000708400000, 0x0000000708600000|  0%| F|  |TAMS 0x0000000708400000| PB 0x0000000708400000| Untracked |  0
|  32|0x0000000708600000, 0x0000000708600000, 0x0000000708800000|  0%| F|  |TAMS 0x0000000708600000| PB 0x0000000708600000| Untracked |  0
|  33|0x0000000708800000, 0x0000000708800000, 0x0000000708a00000|  0%| F|  |TAMS 0x0000000708800000| PB 0x0000000708800000| Untracked |  0
|  34|0x0000000708a00000, 0x0000000708a00000, 0x0000000708c00000|  0%| F|  |TAMS 0x0000000708a00000| PB 0x0000000708a00000| Untracked |  0
|  35|0x0000000708c00000, 0x0000000708c00000, 0x0000000708e00000|  0%| F|  |TAMS 0x0000000708c00000| PB 0x0000000708c00000| Untracked |  0
|  36|0x0000000708e00000, 0x0000000708e00000, 0x0000000709000000|  0%| F|  |TAMS 0x0000000708e00000| PB 0x0000000708e00000| Untracked |  0
|  37|0x0000000709000000, 0x0000000709000000, 0x0000000709200000|  0%| F|  |TAMS 0x0000000709000000| PB 0x0000000709000000| Untracked |  0
|  38|0x0000000709200000, 0x0000000709200000, 0x0000000709400000|  0%| F|  |TAMS 0x0000000709200000| PB 0x0000000709200000| Untracked |  0
|  39|0x0000000709400000, 0x0000000709400000, 0x0000000709600000|  0%| F|  |TAMS 0x0000000709400000| PB 0x0000000709400000| Untracked |  0
|  40|0x0000000709600000, 0x0000000709600000, 0x0000000709800000|  0%| F|  |TAMS 0x0000000709600000| PB 0x0000000709600000| Untracked |  0
|  41|0x0000000709800000, 0x0000000709800000, 0x0000000709a00000|  0%| F|  |TAMS 0x0000000709800000| PB 0x0000000709800000| Untracked |  0
|  42|0x0000000709a00000, 0x0000000709a00000, 0x0000000709c00000|  0%| F|  |TAMS 0x0000000709a00000| PB 0x0000000709a00000| Untracked |  0
|  43|0x0000000709c00000, 0x0000000709c00000, 0x0000000709e00000|  0%| F|  |TAMS 0x0000000709c00000| PB 0x0000000709c00000| Untracked |  0
|  44|0x0000000709e00000, 0x0000000709e00000, 0x000000070a000000|  0%| F|  |TAMS 0x0000000709e00000| PB 0x0000000709e00000| Untracked |  0
|  45|0x000000070a000000, 0x000000070a000000, 0x000000070a200000|  0%| F|  |TAMS 0x000000070a000000| PB 0x000000070a000000| Untracked |  0
|  46|0x000000070a200000, 0x000000070a200000, 0x000000070a400000|  0%| F|  |TAMS 0x000000070a200000| PB 0x000000070a200000| Untracked |  0
|  47|0x000000070a400000, 0x000000070a400000, 0x000000070a600000|  0%| F|  |TAMS 0x000000070a400000| PB 0x000000070a400000| Untracked |  0
|  48|0x000000070a600000, 0x000000070a600000, 0x000000070a800000|  0%| F|  |TAMS 0x000000070a600000| PB 0x000000070a600000| Untracked |  0
|  49|0x000000070a800000, 0x000000070a800000, 0x000000070aa00000|  0%| F|  |TAMS 0x000000070a800000| PB 0x000000070a800000| Untracked |  0
|  50|0x000000070aa00000, 0x000000070aa00000, 0x000000070ac00000|  0%| F|  |TAMS 0x000000070aa00000| PB 0x000000070aa00000| Untracked |  0
|  51|0x000000070ac00000, 0x000000070ac00000, 0x000000070ae00000|  0%| F|  |TAMS 0x000000070ac00000| PB 0x000000070ac00000| Untracked |  0
|  52|0x000000070ae00000, 0x000000070ae00000, 0x000000070b000000|  0%| F|  |TAMS 0x000000070ae00000| PB 0x000000070ae00000| Untracked |  0
|  53|0x000000070b000000, 0x000000070b000000, 0x000000070b200000|  0%| F|  |TAMS 0x000000070b000000| PB 0x000000070b000000| Untracked |  0
|  54|0x000000070b200000, 0x000000070b200000, 0x000000070b400000|  0%| F|  |TAMS 0x000000070b200000| PB 0x000000070b200000| Untracked |  0
|  55|0x000000070b400000, 0x000000070b400000, 0x000000070b600000|  0%| F|  |TAMS 0x000000070b400000| PB 0x000000070b400000| Untracked |  0
|  56|0x000000070b600000, 0x000000070b600000, 0x000000070b800000|  0%| F|  |TAMS 0x000000070b600000| PB 0x000000070b600000| Untracked |  0
|  57|0x000000070b800000, 0x000000070b800000, 0x000000070ba00000|  0%| F|  |TAMS 0x000000070b800000| PB 0x000000070b800000| Untracked |  0
|  58|0x000000070ba00000, 0x000000070ba00000, 0x000000070bc00000|  0%| F|  |TAMS 0x000000070ba00000| PB 0x000000070ba00000| Untracked |  0
|  59|0x000000070bc00000, 0x000000070bc00000, 0x000000070be00000|  0%| F|  |TAMS 0x000000070bc00000| PB 0x000000070bc00000| Untracked |  0
|  60|0x000000070be00000, 0x000000070be00000, 0x000000070c000000|  0%| F|  |TAMS 0x000000070be00000| PB 0x000000070be00000| Untracked |  0
|  61|0x000000070c000000, 0x000000070c000000, 0x000000070c200000|  0%| F|  |TAMS 0x000000070c000000| PB 0x000000070c000000| Untracked |  0
|  62|0x000000070c200000, 0x000000070c200000, 0x000000070c400000|  0%| F|  |TAMS 0x000000070c200000| PB 0x000000070c200000| Untracked |  0
|  63|0x000000070c400000, 0x000000070c400000, 0x000000070c600000|  0%| F|  |TAMS 0x000000070c400000| PB 0x000000070c400000| Untracked |  0
|  64|0x000000070c600000, 0x000000070c600000, 0x000000070c800000|  0%| F|  |TAMS 0x000000070c600000| PB 0x000000070c600000| Untracked |  0
|  65|0x000000070c800000, 0x000000070c800000, 0x000000070ca00000|  0%| F|  |TAMS 0x000000070c800000| PB 0x000000070c800000| Untracked |  0
|  66|0x000000070ca00000, 0x000000070ca00000, 0x000000070cc00000|  0%| F|  |TAMS 0x000000070ca00000| PB 0x000000070ca00000| Untracked |  0
|  67|0x000000070cc00000, 0x000000070cc00000, 0x000000070ce00000|  0%| F|  |TAMS 0x000000070cc00000| PB 0x000000070cc00000| Untracked |  0
|  68|0x000000070ce00000, 0x000000070ce00000, 0x000000070d000000|  0%| F|  |TAMS 0x000000070ce00000| PB 0x000000070ce00000| Untracked |  0
|  69|0x000000070d000000, 0x000000070d000000, 0x000000070d200000|  0%| F|  |TAMS 0x000000070d000000| PB 0x000000070d000000| Untracked |  0
|  70|0x000000070d200000, 0x000000070d200000, 0x000000070d400000|  0%| F|  |TAMS 0x000000070d200000| PB 0x000000070d200000| Untracked |  0
|  71|0x000000070d400000, 0x000000070d400000, 0x000000070d600000|  0%| F|  |TAMS 0x000000070d400000| PB 0x000000070d400000| Untracked |  0
|  72|0x000000070d600000, 0x000000070d600000, 0x000000070d800000|  0%| F|  |TAMS 0x000000070d600000| PB 0x000000070d600000| Untracked |  0
|  73|0x000000070d800000, 0x000000070d800000, 0x000000070da00000|  0%| F|  |TAMS 0x000000070d800000| PB 0x000000070d800000| Untracked |  0
|  74|0x000000070da00000, 0x000000070da00000, 0x000000070dc00000|  0%| F|  |TAMS 0x000000070da00000| PB 0x000000070da00000| Untracked |  0
|  75|0x000000070dc00000, 0x000000070dc00000, 0x000000070de00000|  0%| F|  |TAMS 0x000000070dc00000| PB 0x000000070dc00000| Untracked |  0
|  76|0x000000070de00000, 0x000000070de00000, 0x000000070e000000|  0%| F|  |TAMS 0x000000070de00000| PB 0x000000070de00000| Untracked |  0
|  77|0x000000070e000000, 0x000000070e000000, 0x000000070e200000|  0%| F|  |TAMS 0x000000070e000000| PB 0x000000070e000000| Untracked |  0
|  78|0x000000070e200000, 0x000000070e200000, 0x000000070e400000|  0%| F|  |TAMS 0x000000070e200000| PB 0x000000070e200000| Untracked |  0
|  79|0x000000070e400000, 0x000000070e400000, 0x000000070e600000|  0%| F|  |TAMS 0x000000070e400000| PB 0x000000070e400000| Untracked |  0
|  80|0x000000070e600000, 0x000000070e600000, 0x000000070e800000|  0%| F|  |TAMS 0x000000070e600000| PB 0x000000070e600000| Untracked |  0
|  81|0x000000070e800000, 0x000000070e800000, 0x000000070ea00000|  0%| F|  |TAMS 0x000000070e800000| PB 0x000000070e800000| Untracked |  0
|  82|0x000000070ea00000, 0x000000070ea00000, 0x000000070ec00000|  0%| F|  |TAMS 0x000000070ea00000| PB 0x000000070ea00000| Untracked |  0
|  83|0x000000070ec00000, 0x000000070ec00000, 0x000000070ee00000|  0%| F|  |TAMS 0x000000070ec00000| PB 0x000000070ec00000| Untracked |  0
|  84|0x000000070ee00000, 0x000000070ee00000, 0x000000070f000000|  0%| F|  |TAMS 0x000000070ee00000| PB 0x000000070ee00000| Untracked |  0
|  85|0x000000070f000000, 0x000000070f000000, 0x000000070f200000|  0%| F|  |TAMS 0x000000070f000000| PB 0x000000070f000000| Untracked |  0
|  86|0x000000070f200000, 0x000000070f200000, 0x000000070f400000|  0%| F|  |TAMS 0x000000070f200000| PB 0x000000070f200000| Untracked |  0
|  87|0x000000070f400000, 0x000000070f400000, 0x000000070f600000|  0%| F|  |TAMS 0x000000070f400000| PB 0x000000070f400000| Untracked |  0
|  88|0x000000070f600000, 0x000000070f600000, 0x000000070f800000|  0%| F|  |TAMS 0x000000070f600000| PB 0x000000070f600000| Untracked |  0
|  89|0x000000070f800000, 0x000000070f800000, 0x000000070fa00000|  0%| F|  |TAMS 0x000000070f800000| PB 0x000000070f800000| Untracked |  0
|  90|0x000000070fa00000, 0x000000070fa00000, 0x000000070fc00000|  0%| F|  |TAMS 0x000000070fa00000| PB 0x000000070fa00000| Untracked |  0
|  91|0x000000070fc00000, 0x000000070fc00000, 0x000000070fe00000|  0%| F|  |TAMS 0x000000070fc00000| PB 0x000000070fc00000| Untracked |  0
|  92|0x000000070fe00000, 0x000000070fe00000, 0x0000000710000000|  0%| F|  |TAMS 0x000000070fe00000| PB 0x000000070fe00000| Untracked |  0
|  93|0x0000000710000000, 0x0000000710000000, 0x0000000710200000|  0%| F|  |TAMS 0x0000000710000000| PB 0x0000000710000000| Untracked |  0
|  94|0x0000000710200000, 0x0000000710200000, 0x0000000710400000|  0%| F|  |TAMS 0x0000000710200000| PB 0x0000000710200000| Untracked |  0
|  95|0x0000000710400000, 0x0000000710400000, 0x0000000710600000|  0%| F|  |TAMS 0x0000000710400000| PB 0x0000000710400000| Untracked |  0
|  96|0x0000000710600000, 0x0000000710600000, 0x0000000710800000|  0%| F|  |TAMS 0x0000000710600000| PB 0x0000000710600000| Untracked |  0
|  97|0x0000000710800000, 0x0000000710800000, 0x0000000710a00000|  0%| F|  |TAMS 0x0000000710800000| PB 0x0000000710800000| Untracked |  0
|  98|0x0000000710a00000, 0x0000000710a00000, 0x0000000710c00000|  0%| F|  |TAMS 0x0000000710a00000| PB 0x0000000710a00000| Untracked |  0
|  99|0x0000000710c00000, 0x0000000710d38fb0, 0x0000000710e00000| 61%| S|CS|TAMS 0x0000000710c00000| PB 0x0000000710c00000| Complete |  0
| 100|0x0000000710e00000, 0x0000000711000000, 0x0000000711000000|100%| S|CS|TAMS 0x0000000710e00000| PB 0x0000000710e00000| Complete |  0
| 101|0x0000000711000000, 0x0000000711200000, 0x0000000711200000|100%| S|CS|TAMS 0x0000000711000000| PB 0x0000000711000000| Complete |  0
| 102|0x0000000711200000, 0x0000000711200000, 0x0000000711400000|  0%| F|  |TAMS 0x0000000711200000| PB 0x0000000711200000| Untracked |  0
| 103|0x0000000711400000, 0x0000000711400000, 0x0000000711600000|  0%| F|  |TAMS 0x0000000711400000| PB 0x0000000711400000| Untracked |  0
| 104|0x0000000711600000, 0x0000000711600000, 0x0000000711800000|  0%| F|  |TAMS 0x0000000711600000| PB 0x0000000711600000| Untracked |  0
| 105|0x0000000711800000, 0x0000000711800000, 0x0000000711a00000|  0%| F|  |TAMS 0x0000000711800000| PB 0x0000000711800000| Untracked |  0
| 106|0x0000000711a00000, 0x0000000711a00000, 0x0000000711c00000|  0%| F|  |TAMS 0x0000000711a00000| PB 0x0000000711a00000| Untracked |  0
| 107|0x0000000711c00000, 0x0000000711c00000, 0x0000000711e00000|  0%| F|  |TAMS 0x0000000711c00000| PB 0x0000000711c00000| Untracked |  0
| 108|0x0000000711e00000, 0x0000000711e00000, 0x0000000712000000|  0%| F|  |TAMS 0x0000000711e00000| PB 0x0000000711e00000| Untracked |  0
| 109|0x0000000712000000, 0x0000000712000000, 0x0000000712200000|  0%| F|  |TAMS 0x0000000712000000| PB 0x0000000712000000| Untracked |  0
| 110|0x0000000712200000, 0x0000000712200000, 0x0000000712400000|  0%| F|  |TAMS 0x0000000712200000| PB 0x0000000712200000| Untracked |  0
| 111|0x0000000712400000, 0x0000000712400000, 0x0000000712600000|  0%| F|  |TAMS 0x0000000712400000| PB 0x0000000712400000| Untracked |  0
| 112|0x0000000712600000, 0x0000000712600000, 0x0000000712800000|  0%| F|  |TAMS 0x0000000712600000| PB 0x0000000712600000| Untracked |  0
| 113|0x0000000712800000, 0x0000000712800000, 0x0000000712a00000|  0%| F|  |TAMS 0x0000000712800000| PB 0x0000000712800000| Untracked |  0
| 114|0x0000000712a00000, 0x0000000712a00000, 0x0000000712c00000|  0%| F|  |TAMS 0x0000000712a00000| PB 0x0000000712a00000| Untracked |  0
| 115|0x0000000712c00000, 0x0000000712c00000, 0x0000000712e00000|  0%| F|  |TAMS 0x0000000712c00000| PB 0x0000000712c00000| Untracked |  0
| 116|0x0000000712e00000, 0x0000000712e00000, 0x0000000713000000|  0%| F|  |TAMS 0x0000000712e00000| PB 0x0000000712e00000| Untracked |  0
| 117|0x0000000713000000, 0x0000000713000000, 0x0000000713200000|  0%| F|  |TAMS 0x0000000713000000| PB 0x0000000713000000| Untracked |  0
| 118|0x0000000713200000, 0x0000000713200000, 0x0000000713400000|  0%| F|  |TAMS 0x0000000713200000| PB 0x0000000713200000| Untracked |  0
| 119|0x0000000713400000, 0x0000000713400000, 0x0000000713600000|  0%| F|  |TAMS 0x0000000713400000| PB 0x0000000713400000| Untracked |  0
| 120|0x0000000713600000, 0x0000000713735b18, 0x0000000713800000| 60%| E|  |TAMS 0x0000000713600000| PB 0x0000000713600000| Complete |  0
| 121|0x0000000713800000, 0x0000000713a00000, 0x0000000713a00000|100%| E|CS|TAMS 0x0000000713800000| PB 0x0000000713800000| Complete |  0
| 122|0x0000000713a00000, 0x0000000713c00000, 0x0000000713c00000|100%| E|CS|TAMS 0x0000000713a00000| PB 0x0000000713a00000| Complete |  0
| 123|0x0000000713c00000, 0x0000000713e00000, 0x0000000713e00000|100%| E|CS|TAMS 0x0000000713c00000| PB 0x0000000713c00000| Complete |  0
| 124|0x0000000713e00000, 0x0000000714000000, 0x0000000714000000|100%| E|  |TAMS 0x0000000713e00000| PB 0x0000000713e00000| Complete |  0
| 125|0x0000000714000000, 0x0000000714200000, 0x0000000714200000|100%| E|CS|TAMS 0x0000000714000000| PB 0x0000000714000000| Complete |  0
|2012|0x00000007ffe00000, 0x00000007fff1c318, 0x0000000800000000| 55%| O|  |TAMS 0x00000007ffe00000| PB 0x00000007ffe00000| Untracked |  0

Card table byte_map: [0x000001d5fcc10000,0x000001d5fd3f0000] _byte_map_base: 0x000001d5f93ed000

Marking Bits: (CMBitMap*) 0x000001d5fbe83cd0
 Bits: [0x000001d597a40000, 0x000001d59b928000)

Polling page: 0x000001d5fb5f0000

Metaspace:

Usage:
  Non-class:     13.64 MB used.
      Class:      1.52 MB used.
       Both:     15.16 MB used.

Virtual space:
  Non-class space:       64.00 MB reserved,      13.94 MB ( 22%) committed,  1 nodes.
      Class space:        1.00 GB reserved,       1.75 MB ( <1%) committed,  1 nodes.
             Both:        1.06 GB reserved,      15.69 MB (  1%) committed. 

Chunk freelists:
   Non-Class:  1.79 MB
       Class:  14.16 MB
        Both:  15.95 MB

MaxMetaspaceSize: unlimited
CompressedClassSpaceSize: 1.00 GB
Initial GC threshold: 21.00 MB
Current GC threshold: 21.00 MB
CDS: on
 - commit_granule_bytes: 65536.
 - commit_granule_words: 8192.
 - virtual_space_node_default_size: 8388608.
 - enlarge_chunks_in_place: 1.
UseCompressedClassPointers 1, UseCompactObjectHeaders 0
Narrow klass pointer bits 32, Max shift 3
Narrow klass base: 0x000001d59c000000, Narrow klass shift: 0
Encoding Range: [0x000001d59c000000 - 0x000001d69c000000), (4294967296 bytes)
Klass Range:    [0x000001d59c000000 - 0x000001d5dd000000), (1090519040 bytes)
Klass ID Range:  [8 - 1090519033) (1090519025)


Internal statistics:

num_allocs_failed_limit: 0.
num_arena_births: 598.
num_arena_deaths: 0.
num_vsnodes_births: 2.
num_vsnodes_deaths: 0.
num_space_committed: 251.
num_space_uncommitted: 0.
num_chunks_returned_to_freelist: 0.
num_chunks_taken_from_freelist: 766.
num_chunk_merges: 0.
num_chunk_splits: 499.
num_chunks_enlarged: 266.
num_inconsistent_stats: 0.

CodeHeap 'non-profiled nmethods': size=120064Kb used=769Kb max_used=769Kb free=119294Kb
 bounds [0x000001d590500000, 0x000001d590770000, 0x000001d597a40000]
CodeHeap 'profiled nmethods': size=120000Kb used=3176Kb max_used=3176Kb free=116823Kb
 bounds [0x000001d588a40000, 0x000001d588d60000, 0x000001d58ff70000]
CodeHeap 'non-nmethods': size=5696Kb used=1688Kb max_used=1701Kb free=4007Kb
 bounds [0x000001d58ff70000, 0x000001d5901e0000, 0x000001d590500000]
CodeCache: size=245760Kb, used=5633Kb, max_used=5646Kb, free=240124Kb
 total_blobs=3098, nmethods=2253, adapters=735, full_count=0
Compilation: enabled, stopped_count=0, restarted_count=0

Compilation events (20 events):
Event: 6.385 Thread 0x000001d59bb1d650 2177       3       java.lang.invoke.InvokerBytecodeGenerator::lookupPregenerated (294 bytes)
Event: 6.386 Thread 0x000001d59bb1d650 nmethod 2177 0x000001d588d3a608 code [0x000001d588d3a900, 0x000001d588d3c460]
Event: 6.386 Thread 0x000001d59bb1d650 2172       3       java.lang.invoke.InfoFromMemberName::getModifiers (8 bytes)
Event: 6.386 Thread 0x000001d59bb1d650 nmethod 2172 0x000001d588d3c508 code [0x000001d588d3c620, 0x000001d588d3c818]
Event: 6.386 Thread 0x000001d5e2fc0010 nmethod 2145 0x000001d5905b7108 code [0x000001d5905b7200, 0x000001d5905b74d0]
Event: 6.386 Thread 0x000001d59bb1d650 2173       3       java.lang.invoke.MethodHandles$Lookup::getDirectMethod (14 bytes)
Event: 6.386 Thread 0x000001d5e2fc0010 2160 %     4       java.math.BigInteger::add @ 161 (215 bytes)
Event: 6.386 Thread 0x000001d59bb1d650 nmethod 2173 0x000001d588d3c888 code [0x000001d588d3c9a0, 0x000001d588d3cad8]
Event: 6.386 Thread 0x000001d59bb1d650 2174       3       java.lang.invoke.MethodHandles$Lookup::getDirectMethodCommon (289 bytes)
Event: 6.388 Thread 0x000001d59bb1d650 nmethod 2174 0x000001d588d3cb88 code [0x000001d588d3ce40, 0x000001d588d3e7e0]
Event: 6.388 Thread 0x000001d59bb1d650 2175       3       java.lang.invoke.MethodHandles$Lookup::checkMethod (87 bytes)
Event: 6.388 Thread 0x000001d59bb1d650 nmethod 2175 0x000001d588d3e888 code [0x000001d588d3ea20, 0x000001d588d3f2d0]
Event: 6.388 Thread 0x000001d59bb1d650 2178       3       java.lang.invoke.MethodHandles$Lookup::maybeBindCaller (72 bytes)
Event: 6.388 Thread 0x000001d59bb1d650 nmethod 2178 0x000001d588d3f308 code [0x000001d588d3f4a0, 0x000001d588d3fd38]
Event: 6.388 Thread 0x000001d59bb1d650 2179       3       java.util.ArrayDeque::inc (12 bytes)
Event: 6.388 Thread 0x000001d59bb1d650 nmethod 2179 0x000001d588d3fd88 code [0x000001d588d3fea0, 0x000001d588d3ffc0]
Event: 6.390 Thread 0x000001d59bb1d650 2180       3       java.lang.ClassLoader::getClassLoadingLock (35 bytes)
Event: 6.390 Thread 0x000001d59bb1d650 nmethod 2180 0x000001d588d40088 code [0x000001d588d401c0, 0x000001d588d40528]
Event: 6.390 Thread 0x000001d59bb1d650 2181       3       java.lang.ClassLoader::findLoadedClass (15 bytes)
Event: 6.390 Thread 0x000001d59bb1d650 nmethod 2181 0x000001d588d40588 code [0x000001d588d406c0, 0x000001d588d408a0]

GC Heap History (2 events):
Event: 1.017 GC heap before
{Heap before GC invocations=0 (full 0):
 garbage-first heap   total reserved 4122624K, committed 260096K, used 78960K [0x0000000704600000, 0x0000000800000000)
  region size 2048K, 24 young (49152K), 0 survivors (0K)
 Metaspace       used 13174K, committed 13632K, reserved 1114112K
  class space    used 1383K, committed 1536K, reserved 1048576K
}
Event: 1.021 GC heap after
{Heap after GC invocations=1 (full 0):
 garbage-first heap   total reserved 4122624K, committed 260096K, used 37204K [0x0000000704600000, 0x0000000800000000)
  region size 2048K, 3 young (6144K), 3 survivors (6144K)
 Metaspace       used 13174K, committed 13632K, reserved 1114112K
  class space    used 1383K, committed 1536K, reserved 1048576K
}

Dll operation events (12 events):
Event: 0.009 Loaded shared library C:\Program Files\Apache NetBeans\jdk\bin\java.dll
Event: 0.049 Loaded shared library C:\Program Files\Apache NetBeans\jdk\bin\jsvml.dll
Event: 0.076 Loaded shared library C:\Program Files\Apache NetBeans\jdk\bin\net.dll
Event: 0.079 Loaded shared library C:\Program Files\Apache NetBeans\jdk\bin\nio.dll
Event: 0.097 Loaded shared library C:\Program Files\Apache NetBeans\jdk\bin\zip.dll
Event: 0.117 Loaded shared library C:\Program Files\Apache NetBeans\jdk\bin\jimage.dll
Event: 0.127 Loaded shared library C:\Program Files\Apache NetBeans\jdk\bin\awt.dll
Event: 0.247 Loaded shared library C:\Program Files\Apache NetBeans\jdk\bin\freetype.dll
Event: 0.248 Loaded shared library C:\Program Files\Apache NetBeans\jdk\bin\fontmanager.dll
Event: 0.484 Loaded shared library C:\Program Files\Apache NetBeans\jdk\bin\javajpeg.dll
Event: 0.742 Loaded shared library C:\Windows\System32\ucrtbase.dll
Event: 0.745 Loaded shared library C:\Program Files\Apache NetBeans\jdk\bin\syslookup.dll

Deoptimization events (20 events):
Event: 6.255 Thread 0x000001d59bbf53f0 Uncommon trap: trap_request=0xffffffde fr.pc=0x000001d590536af0 relative=0x0000000000000310
Event: 6.255 Thread 0x000001d59bbf53f0 Uncommon trap: reason=class_check action=maybe_recompile pc=0x000001d590536af0 method=java.util.HashMap.getNode(Ljava/lang/Object;)Ljava/util/HashMap$Node; @ 82 c2
Event: 6.255 Thread 0x000001d59bbf53f0 DEOPT PACKING pc=0x000001d590536af0 sp=0x0000006c591f9f20
Event: 6.255 Thread 0x000001d59bbf53f0 DEOPT UNPACKING pc=0x000001d590086302 sp=0x0000006c591f9ea0 mode 2
Event: 6.305 Thread 0x000001d59bbf53f0 Uncommon trap: trap_request=0xffffffde fr.pc=0x000001d590544be4 relative=0x0000000000000304
Event: 6.305 Thread 0x000001d59bbf53f0 Uncommon trap: reason=class_check action=maybe_recompile pc=0x000001d590544be4 method=java.util.regex.Pattern$BmpCharPropertyGreedy.match(Ljava/util/regex/Matcher;ILjava/lang/CharSequence;)Z @ 26 c2
Event: 6.305 Thread 0x000001d59bbf53f0 DEOPT PACKING pc=0x000001d590544be4 sp=0x0000006c591fe580
Event: 6.305 Thread 0x000001d59bbf53f0 DEOPT UNPACKING pc=0x000001d590086302 sp=0x0000006c591fe538 mode 2
Event: 6.327 Thread 0x000001d59bbf53f0 Uncommon trap: trap_request=0xffffffde fr.pc=0x000001d590544be4 relative=0x0000000000000304
Event: 6.327 Thread 0x000001d59bbf53f0 Uncommon trap: reason=class_check action=maybe_recompile pc=0x000001d590544be4 method=java.util.regex.Pattern$BmpCharPropertyGreedy.match(Ljava/util/regex/Matcher;ILjava/lang/CharSequence;)Z @ 26 c2
Event: 6.327 Thread 0x000001d59bbf53f0 DEOPT PACKING pc=0x000001d590544be4 sp=0x0000006c591fe490
Event: 6.327 Thread 0x000001d59bbf53f0 DEOPT UNPACKING pc=0x000001d590086302 sp=0x0000006c591fe448 mode 2
Event: 6.327 Thread 0x000001d59bbf53f0 Uncommon trap: trap_request=0xffffffde fr.pc=0x000001d590544be4 relative=0x0000000000000304
Event: 6.327 Thread 0x000001d59bbf53f0 Uncommon trap: reason=class_check action=maybe_recompile pc=0x000001d590544be4 method=java.util.regex.Pattern$BmpCharPropertyGreedy.match(Ljava/util/regex/Matcher;ILjava/lang/CharSequence;)Z @ 26 c2
Event: 6.327 Thread 0x000001d59bbf53f0 DEOPT PACKING pc=0x000001d590544be4 sp=0x0000006c591fe480
Event: 6.327 Thread 0x000001d59bbf53f0 DEOPT UNPACKING pc=0x000001d590086302 sp=0x0000006c591fe438 mode 2
Event: 6.327 Thread 0x000001d59bbf53f0 Uncommon trap: trap_request=0xffffffde fr.pc=0x000001d590544be4 relative=0x0000000000000304
Event: 6.327 Thread 0x000001d59bbf53f0 Uncommon trap: reason=class_check action=maybe_recompile pc=0x000001d590544be4 method=java.util.regex.Pattern$BmpCharPropertyGreedy.match(Ljava/util/regex/Matcher;ILjava/lang/CharSequence;)Z @ 26 c2
Event: 6.327 Thread 0x000001d59bbf53f0 DEOPT PACKING pc=0x000001d590544be4 sp=0x0000006c591fe360
Event: 6.327 Thread 0x000001d59bbf53f0 DEOPT UNPACKING pc=0x000001d590086302 sp=0x0000006c591fe318 mode 2

Classes loaded (20 events):
Event: 6.360 Loading class java/math/BigDecimal
Event: 6.361 Loading class java/math/BigDecimal done
Event: 6.363 Loading class java/math/BigInteger$RecursiveOp
Event: 6.363 Loading class java/util/concurrent/RecursiveTask
Event: 6.363 Loading class java/util/concurrent/RecursiveTask done
Event: 6.363 Loading class java/math/BigInteger$RecursiveOp done
Event: 6.363 Loading class java/math/BigInteger$RecursiveOp$RecursiveSquare
Event: 6.364 Loading class java/math/BigInteger$RecursiveOp$RecursiveSquare done
Event: 6.381 Loading class java/math/MathContext
Event: 6.381 Loading class java/math/MathContext done
Event: 6.383 Loading class java/util/Collections$UnmodifiableMap$UnmodifiableEntrySet
Event: 6.383 Loading class java/util/Collections$UnmodifiableMap$UnmodifiableEntrySet done
Event: 6.383 Loading class java/util/Collections$UnmodifiableMap$UnmodifiableEntrySet$UnmodifiableEntrySetSpliterator
Event: 6.383 Loading class java/util/Collections$UnmodifiableMap$UnmodifiableEntrySet$UnmodifiableEntrySetSpliterator done
Event: 6.383 Loading class java/util/HashMap$EntrySpliterator
Event: 6.383 Loading class java/util/HashMap$EntrySpliterator done
Event: 6.384 Loading class java/lang/invoke/DirectMethodHandle$Special
Event: 6.384 Loading class java/lang/invoke/DirectMethodHandle$Special done
Event: 6.387 Loading class java/lang/NoSuchFieldError
Event: 6.387 Loading class java/lang/NoSuchFieldError done

Classes unloaded (0 events):
No events

Classes redefined (0 events):
No events

Internal exceptions (20 events):
Event: 0.892 Thread 0x000001d59bbf53f0 Exception <a 'java/lang/NoSuchMethodError'{0x000000071149dfb8}: 'long java.lang.invoke.DelegatingMethodHandle$Holder.reinvoke_L(java.lang.Object, java.lang.Object, long, long)'> (0x000000071149dfb8) 
thrown [s\src\hotspot\share\interpreter\linkResolver.cpp, line 805]
Event: 0.894 Thread 0x000001d59bbf53f0 Exception <a 'java/lang/NoSuchMethodError'{0x00000007114c86d0}: 'java.lang.Object java.lang.invoke.DirectMethodHandle$Holder.invokeStatic(java.lang.Object, java.lang.Object, int)'> (0x00000007114c86d0) 
thrown [s\src\hotspot\share\interpreter\linkResolver.cpp, line 805]
Event: 0.897 Thread 0x000001d59bbf53f0 Exception <a 'java/lang/NoSuchMethodError'{0x00000007114e9b50}: 'void java.lang.invoke.DelegatingMethodHandle$Holder.delegate(java.lang.Object, java.lang.Object, int, java.lang.Object)'> (0x00000007114e9b50) 
thrown [s\src\hotspot\share\interpreter\linkResolver.cpp, line 805]
Event: 0.903 Thread 0x000001d59bbf53f0 Exception <a 'java/lang/NoSuchMethodError'{0x000000071152baa0}: 'int java.lang.invoke.DirectMethodHandle$Holder.invokeSpecial(java.lang.Object, java.lang.Object, java.lang.Object, int, java.lang.Object)'> (0x000000071152baa0) 
thrown [s\src\hotspot\share\interpreter\linkResolver.cpp, line 805]
Event: 0.903 Thread 0x000001d59bbf53f0 Exception <a 'java/lang/NoSuchMethodError'{0x0000000711533ea0}: 'int java.lang.invoke.DelegatingMethodHandle$Holder.reinvoke_L(java.lang.Object, java.lang.Object, int, java.lang.Object)'> (0x0000000711533ea0) 
thrown [s\src\hotspot\share\interpreter\linkResolver.cpp, line 805]
Event: 0.906 Thread 0x000001d59bbf53f0 Exception <a 'java/lang/NoSuchMethodError'{0x000000071155e7d8}: 'int java.lang.invoke.DelegatingMethodHandle$Holder.reinvoke_L(java.lang.Object, java.lang.Object, int, long)'> (0x000000071155e7d8) 
thrown [s\src\hotspot\share\interpreter\linkResolver.cpp, line 805]
Event: 0.907 Thread 0x000001d59bbf53f0 Exception <a 'java/lang/NoSuchMethodError'{0x000000071156ee20}: 'int java.lang.invoke.DirectMethodHandle$Holder.invokeSpecial(java.lang.Object, java.lang.Object, int, long)'> (0x000000071156ee20) 
thrown [s\src\hotspot\share\interpreter\linkResolver.cpp, line 805]
Event: 0.907 Thread 0x000001d59bbf53f0 Exception <a 'java/lang/NoSuchMethodError'{0x00000007115770d0}: 'int java.lang.invoke.Invokers$Holder.exactInvoker(java.lang.Object, java.lang.Object, int, long)'> (0x00000007115770d0) 
thrown [s\src\hotspot\share\interpreter\linkResolver.cpp, line 805]
Event: 0.908 Thread 0x000001d59bbf53f0 Exception <a 'java/lang/NoSuchMethodError'{0x000000071157fac8}: 'int java.lang.invoke.DelegatingMethodHandle$Holder.delegate(java.lang.Object, java.lang.Object, int, long)'> (0x000000071157fac8) 
thrown [s\src\hotspot\share\interpreter\linkResolver.cpp, line 805]
Event: 0.909 Thread 0x000001d59bbf53f0 Exception <a 'java/lang/NoSuchMethodError'{0x0000000711591a20}: 'long java.lang.invoke.DirectMethodHandle$Holder.invokeSpecial(java.lang.Object, java.lang.Object, long, long)'> (0x0000000711591a20) 
thrown [s\src\hotspot\share\interpreter\linkResolver.cpp, line 805]
Event: 0.913 Thread 0x000001d59bbf53f0 Exception <a 'java/lang/NoSuchMethodError'{0x00000007115ccdc8}: 'void java.lang.invoke.DirectMethodHandle$Holder.invokeSpecial(java.lang.Object, java.lang.Object, float, java.lang.Object, java.lang.Object, java.lang.Object, int, int, int, int, int, float, float, int, int, java.lang.Object, java.lang.Object)'> (0x00000007115ccdc8) 
thrown [s\src\hotspot\share\interpreter\linkResolver.cpp, line 805]
Event: 0.915 Thread 0x000001d59bbf53f0 Exception <a 'java/lang/NoSuchMethodError'{0x00000007115eea48}: 'int java.lang.invoke.DirectMethodHandle$Holder.invokeSpecial(java.lang.Object, java.lang.Object, int, java.lang.Object)'> (0x00000007115eea48) 
thrown [s\src\hotspot\share\interpreter\linkResolver.cpp, line 805]
Event: 0.915 Thread 0x000001d59bbf53f0 Exception <a 'java/lang/NoSuchMethodError'{0x00000007115ff460}: 'java.lang.Object java.lang.invoke.Invokers$Holder.invokeExact_MT(java.lang.Object, long, java.lang.Object)'> (0x00000007115ff460) 
thrown [s\src\hotspot\share\interpreter\linkResolver.cpp, line 805]
Event: 0.920 Thread 0x000001d59bbf53f0 Exception <a 'java/lang/NoSuchMethodError'{0x000000071123bb58}: 'void java.lang.invoke.DelegatingMethodHandle$Holder.reinvoke_L(java.lang.Object, java.lang.Object, java.lang.Object, java.lang.Object, long, long, long)'> (0x000000071123bb58) 
thrown [s\src\hotspot\share\interpreter\linkResolver.cpp, line 805]
Event: 0.921 Thread 0x000001d59bbf53f0 Exception <a 'java/lang/NoSuchMethodError'{0x0000000711264a60}: 'java.lang.Object java.lang.invoke.DirectMethodHandle$Holder.invokeStatic(java.lang.Object, java.lang.Object, java.lang.Object, java.lang.Object, java.lang.Object, java.lang.Object, long)'> (0x0000000711264a60) 
thrown [s\src\hotspot\share\interpreter\linkResolver.cpp, line 805]
Event: 0.925 Thread 0x000001d59bbf53f0 Exception <a 'java/lang/NoSuchMethodError'{0x00000007112d5720}: 'void java.lang.invoke.DelegatingMethodHandle$Holder.reinvoke_L(java.lang.Object, java.lang.Object, java.lang.Object, java.lang.Object, long, long, int)'> (0x00000007112d5720) 
thrown [s\src\hotspot\share\interpreter\linkResolver.cpp, line 805]
Event: 0.928 Thread 0x000001d59bbf53f0 Exception <a 'java/lang/NoSuchMethodError'{0x00000007112f6710}: 'int java.lang.invoke.Invokers$Holder.invokeExact_MT(java.lang.Object, java.lang.Object, java.lang.Object, int, java.lang.Object, java.lang.Object)'> (0x00000007112f6710) 
thrown [s\src\hotspot\share\interpreter\linkResolver.cpp, line 805]
Event: 0.932 Thread 0x000001d59bbf53f0 Exception <a 'java/lang/NoSuchMethodError'{0x0000000711320ae8}: 'java.lang.Object java.lang.invoke.DirectMethodHandle$Holder.invokeStatic(java.lang.Object, java.lang.Object, java.lang.Object, java.lang.Object, java.lang.Object, long, java.lang.Object)'> (0x0000000711320ae8) 
thrown [s\src\hotspot\share\interpreter\linkResolver.cpp, line 805]
Event: 6.384 Thread 0x000001d59bbf53f0 Exception <a 'java/lang/NoSuchMethodError'{0x000000071387f8b0}: 'void java.lang.invoke.DirectMethodHandle$Holder.invokeStatic(java.lang.Object, java.lang.Object, java.lang.Object)'> (0x000000071387f8b0) 
thrown [s\src\hotspot\share\interpreter\linkResolver.cpp, line 805]
Event: 6.385 Thread 0x000001d59bbf53f0 Exception <a 'java/lang/NoSuchMethodError'{0x00000007138985e0}: 'java.lang.Object java.lang.invoke.DirectMethodHandle$Holder.invokeVirtual(java.lang.Object, java.lang.Object, java.lang.Object)'> (0x00000007138985e0) 
thrown [s\src\hotspot\share\interpreter\linkResolver.cpp, line 805]

VM Operations (20 events):
Event: 0.402 Executing VM operation: HandshakeAllThreads (Deoptimize)
Event: 0.402 Executing VM operation: HandshakeAllThreads (Deoptimize) done
Event: 0.429 Executing VM operation: HandshakeAllThreads (Deoptimize)
Event: 0.429 Executing VM operation: HandshakeAllThreads (Deoptimize) done
Event: 0.475 Executing VM operation: HandshakeAllThreads (Deoptimize)
Event: 0.475 Executing VM operation: HandshakeAllThreads (Deoptimize) done
Event: 0.604 Executing VM operation: HandshakeAllThreads (Deoptimize)
Event: 0.604 Executing VM operation: HandshakeAllThreads (Deoptimize) done
Event: 0.740 Executing VM operation: HandshakeAllThreads (Deoptimize)
Event: 0.740 Executing VM operation: HandshakeAllThreads (Deoptimize) done
Event: 0.802 Executing VM operation: HandshakeAllThreads (Deoptimize)
Event: 0.802 Executing VM operation: HandshakeAllThreads (Deoptimize) done
Event: 1.011 Executing VM operation: HandshakeAllThreads (Deoptimize)
Event: 1.011 Executing VM operation: HandshakeAllThreads (Deoptimize) done
Event: 1.016 Executing VM operation: G1CollectForAllocation (G1 Evacuation Pause)
Event: 1.021 Executing VM operation: G1CollectForAllocation (G1 Evacuation Pause) done
Event: 1.053 Executing VM operation: HandshakeAllThreads (Deoptimize)
Event: 1.053 Executing VM operation: HandshakeAllThreads (Deoptimize) done
Event: 6.294 Executing VM operation: HandshakeAllThreads (Deoptimize)
Event: 6.294 Executing VM operation: HandshakeAllThreads (Deoptimize) done

Memory protections (0 events):
No events

Nmethod flushes (0 events):
No events

Events (20 events):
Event: 0.046 Thread 0x000001d5f9a4fc40 Thread added: 0x000001d59bb03560
Event: 0.047 Thread 0x000001d5f9a4fc40 Thread added: 0x000001d59bb0c0a0
Event: 0.047 Thread 0x000001d5f9a4fc40 Thread added: 0x000001d59bb1cad0
Event: 0.047 Thread 0x000001d5f9a4fc40 Thread added: 0x000001d59bb1d650
Event: 0.075 Thread 0x000001d5f9a4fc40 Thread added: 0x000001d59bbf36b0
Event: 0.090 Thread 0x000001d59bb1d650 Thread added: 0x000001d59bc470f0
Event: 0.093 Thread 0x000001d5f9a4fc40 Thread added: 0x000001d59bbf69e0
Event: 0.168 Thread 0x000001d5f9a4fc40 Thread added: 0x000001d59bbf3e00
Event: 0.169 Thread 0x000001d5f9a4fc40 Thread added: 0x000001d59bbf4550
Event: 0.169 Thread 0x000001d5f9a4fc40 Thread added: 0x000001d59bbf4ca0
Event: 0.327 Thread 0x000001d5f9a4fc40 Thread added: 0x000001d59bbf53f0
Event: 0.328 Thread 0x000001d5f9a4fc40 Thread exited: 0x000001d5f9a4fc40
Event: 0.328 Thread 0x000001d59bbf5b40 Thread added: 0x000001d59bbf5b40
Event: 0.438 Thread 0x000001d59bbf53f0 Thread added: 0x000001d59bbf6290
Event: 0.622 Thread 0x000001d59bbf53f0 Thread added: 0x000001d5e1788830
Event: 1.573 Thread 0x000001d59bc470f0 Thread exited: 0x000001d59bc470f0
Event: 5.594 Thread 0x000001d59bbf6290 Thread exited: 0x000001d59bbf6290
Event: 6.272 Thread 0x000001d59bbf53f0 Thread added: 0x000001d5e17880e0
Event: 6.349 Thread 0x000001d59bb1cad0 Thread added: 0x000001d59bb95fb0
Event: 6.375 Thread 0x000001d59bb1d650 Thread added: 0x000001d5e2fc0010


Dynamic libraries:
0x00007ff7d3810000 - 0x00007ff7d381e000 	C:\Program Files\Apache NetBeans\jdk\bin\java.exe
0x00007ffe5dfc0000 - 0x00007ffe5e228000 	C:\WINDOWS\SYSTEM32\ntdll.dll
0x00007ffe5cde0000 - 0x00007ffe5cea9000 	C:\WINDOWS\System32\KERNEL32.DLL
0x00007ffe5b110000 - 0x00007ffe5b508000 	C:\WINDOWS\System32\KERNELBASE.dll
0x00007ffe5b880000 - 0x00007ffe5b9cb000 	C:\WINDOWS\System32\ucrtbase.dll
0x00007ffe47da0000 - 0x00007ffe47db6000 	C:\Program Files\Apache NetBeans\jdk\bin\jli.dll
0x00007ffe48860000 - 0x00007ffe4887e000 	C:\Program Files\Apache NetBeans\jdk\bin\VCRUNTIME140.dll
0x00007ffe5bd60000 - 0x00007ffe5bf27000 	C:\WINDOWS\System32\USER32.dll
0x00007ffe3ef30000 - 0x00007ffe3f1c4000 	C:\WINDOWS\WinSxS\amd64_microsoft.windows.common-controls_6595b64144ccf1df_6.0.26100.7019_none_3e06ffa0e335b8a8\COMCTL32.dll
0x00007ffe5ba90000 - 0x00007ffe5bab7000 	C:\WINDOWS\System32\win32u.dll
0x00007ffe5d2b0000 - 0x00007ffe5d359000 	C:\WINDOWS\System32\msvcrt.dll
0x00007ffe5de90000 - 0x00007ffe5debb000 	C:\WINDOWS\System32\GDI32.dll
0x00007ffe5bac0000 - 0x00007ffe5bbec000 	C:\WINDOWS\System32\gdi32full.dll
0x00007ffe5b7d0000 - 0x00007ffe5b873000 	C:\WINDOWS\System32\msvcp_win.dll
0x00007ffe5c4c0000 - 0x00007ffe5c4f1000 	C:\WINDOWS\System32\IMM32.DLL
0x00007ffe57e30000 - 0x00007ffe57e3c000 	C:\Program Files\Apache NetBeans\jdk\bin\vcruntime140_1.dll
0x00007ffe0c2d0000 - 0x00007ffe0c35d000 	C:\Program Files\Apache NetBeans\jdk\bin\msvcp140.dll
0x00007ffda32a0000 - 0x00007ffda411c000 	C:\Program Files\Apache NetBeans\jdk\bin\server\jvm.dll
0x00007ffe5dec0000 - 0x00007ffe5df74000 	C:\WINDOWS\System32\ADVAPI32.dll
0x00007ffe5d200000 - 0x00007ffe5d2a6000 	C:\WINDOWS\System32\sechost.dll
0x00007ffe5d0e0000 - 0x00007ffe5d1f8000 	C:\WINDOWS\System32\RPCRT4.dll
0x00007ffe5cc60000 - 0x00007ffe5ccd4000 	C:\WINDOWS\System32\WS2_32.dll
0x00007ffe5af70000 - 0x00007ffe5afce000 	C:\WINDOWS\SYSTEM32\POWRPROF.dll
0x00007ffe3f5a0000 - 0x00007ffe3f5d5000 	C:\WINDOWS\SYSTEM32\WINMM.dll
0x00007ffe53760000 - 0x00007ffe5376b000 	C:\WINDOWS\SYSTEM32\VERSION.dll
0x00007ffe5af50000 - 0x00007ffe5af64000 	C:\WINDOWS\SYSTEM32\UMPDC.dll
0x00007ffe59ed0000 - 0x00007ffe59eeb000 	C:\WINDOWS\SYSTEM32\kernel.appcore.dll
0x00007ffe57db0000 - 0x00007ffe57dba000 	C:\Program Files\Apache NetBeans\jdk\bin\jimage.dll
0x00007ffe58720000 - 0x00007ffe58962000 	C:\WINDOWS\SYSTEM32\DBGHELP.DLL
0x00007ffe5d440000 - 0x00007ffe5d7cb000 	C:\WINDOWS\System32\combase.dll
0x00007ffe5d360000 - 0x00007ffe5d437000 	C:\WINDOWS\System32\OLEAUT32.dll
0x00007ffe3b640000 - 0x00007ffe3b67c000 	C:\WINDOWS\SYSTEM32\dbgcore.DLL
0x00007ffe5b720000 - 0x00007ffe5b7c5000 	C:\WINDOWS\System32\bcryptPrimitives.dll
0x00007ffe486b0000 - 0x00007ffe486ce000 	C:\Program Files\Apache NetBeans\jdk\bin\java.dll
0x00007ffe5d830000 - 0x00007ffe5d9c7000 	C:\WINDOWS\System32\ole32.dll
0x00007ffe5c500000 - 0x00007ffe5cc4f000 	C:\WINDOWS\System32\SHELL32.dll
0x00007ffe5bbf0000 - 0x00007ffe5bd5b000 	C:\WINDOWS\System32\wintypes.dll
0x00007ffe58d50000 - 0x00007ffe595ad000 	C:\WINDOWS\SYSTEM32\windows.storage.dll
0x00007ffe5ceb0000 - 0x00007ffe5cfa2000 	C:\WINDOWS\System32\SHCORE.dll
0x00007ffe5dbb0000 - 0x00007ffe5dc17000 	C:\WINDOWS\System32\shlwapi.dll
0x00007ffe5b030000 - 0x00007ffe5b059000 	C:\WINDOWS\SYSTEM32\profapi.dll
0x00007ffe0c620000 - 0x00007ffe0c6f7000 	C:\Program Files\Apache NetBeans\jdk\bin\jsvml.dll
0x00007ffe486a0000 - 0x00007ffe486b0000 	C:\Program Files\Apache NetBeans\jdk\bin\net.dll
0x00007ffe5a440000 - 0x00007ffe5a4ab000 	C:\WINDOWS\system32\mswsock.dll
0x00007ffe41e80000 - 0x00007ffe41e96000 	C:\Program Files\Apache NetBeans\jdk\bin\nio.dll
0x00007ffe45170000 - 0x00007ffe45187000 	C:\Program Files\Apache NetBeans\jdk\bin\zip.dll
0x00007ffdf9a20000 - 0x00007ffdf9b9e000 	C:\Program Files\Apache NetBeans\jdk\bin\awt.dll
0x00007ffe57e40000 - 0x00007ffe57edf000 	C:\WINDOWS\SYSTEM32\apphelp.dll
0x00007ffe58060000 - 0x00007ffe5810a000 	C:\WINDOWS\system32\uxtheme.dll
0x00007ffe5dc30000 - 0x00007ffe5dd8e000 	C:\WINDOWS\System32\MSCTF.dll
0x00007ffe58310000 - 0x00007ffe58340000 	C:\WINDOWS\system32\DWMAPI.DLL
0x00007ffdf8a40000 - 0x00007ffdf8ac7000 	C:\Program Files\Apache NetBeans\jdk\bin\freetype.dll
0x00007ffdf29d0000 - 0x00007ffdf2ab9000 	C:\Program Files\Apache NetBeans\jdk\bin\fontmanager.dll
0x00007ffe42de0000 - 0x00007ffe42eec000 	C:\WINDOWS\system32\opengl32.dll
0x00007ffe48520000 - 0x00007ffe4854d000 	C:\WINDOWS\SYSTEM32\GLU32.dll
0x00007ffe58140000 - 0x00007ffe58183000 	C:\WINDOWS\SYSTEM32\dxcore.dll
0x00007ffe2aa90000 - 0x00007ffe2aabe000 	C:\Program Files\Apache NetBeans\jdk\bin\javajpeg.dll
0x00007ffe5ddd0000 - 0x00007ffe5de80000 	C:\WINDOWS\System32\clbcatq.dll
0x00007ffe56290000 - 0x00007ffe564c0000 	C:\WINDOWS\SYSTEM32\WindowsCodecs.dll
0x00007ffe3b5e0000 - 0x00007ffe3b63a000 	C:\WINDOWS\system32\dataexchange.dll
0x00007ffe4d540000 - 0x00007ffe4d784000 	C:\WINDOWS\system32\twinapi.appcore.dll
0x00007ffe453b0000 - 0x00007ffe453b9000 	C:\Program Files\Apache NetBeans\jdk\bin\syslookup.dll
0x00007ffe3b720000 - 0x00007ffe3b867000 	C:\WINDOWS\SYSTEM32\textinputframework.dll
0x00007ffe57650000 - 0x00007ffe57777000 	C:\WINDOWS\SYSTEM32\CoreMessaging.dll
0x00007ffe52ec0000 - 0x00007ffe531a2000 	C:\WINDOWS\SYSTEM32\CoreUIComponents.dll
0x00007ffe5a720000 - 0x00007ffe5a72c000 	C:\WINDOWS\SYSTEM32\CRYPTBASE.DLL

JVMTI agents: none

dbghelp: loaded successfully - version: 4.0.5 - missing functions: none
symbol engine: initialized successfully - sym options: 0x614 - pdb path: .;C:\Program Files\Apache NetBeans\jdk\bin;C:\WINDOWS\SYSTEM32;C:\WINDOWS\WinSxS\amd64_microsoft.windows.common-controls_6595b64144ccf1df_6.0.26100.7019_none_3e06ffa0e335b8a8;C:\Program Files\Apache NetBeans\jdk\bin\server

VM Arguments:
jvm_args: -Dfile.encoding=UTF-8 --module-path=C:\Users\DELL\Documents\NetBeansProjects\ project_1\build\classes 
java_command: project_1
java_class_path (initial): C:\Users\DELL\Documents\NetBeansProjects\ project_1\lib\absolutelayout\AbsoluteLayout.jar;C:\Users\DELL\Documents\NetBeansProjects\ project_1\lib\mysql-connector-j-9.5.0.jar;C:\Users\DELL\Documents\NetBeansProjects\ project_1\build\classes
Launcher Type: SUN_STANDARD

[Global flags]
     intx CICompilerCount                          = 4                                         {product} {ergonomic}
     uint ConcGCThreads                            = 3                                         {product} {ergonomic}
     uint G1ConcRefinementThreads                  = 10                                        {product} {ergonomic}
   size_t G1HeapRegionSize                         = 2097152                                   {product} {ergonomic}
   size_t InitialHeapSize                          = 264241152                                 {product} {ergonomic}
   size_t MarkStackSize                            = 4194304                                   {product} {ergonomic}
   size_t MarkStackSizeMax                         = 536870912                                 {product} {ergonomic}
   size_t MaxHeapSize                              = 4221566976                                {product} {ergonomic}
   size_t MaxNewSize                               = 2531262464                                {product} {ergonomic}
   size_t MinHeapDeltaBytes                        = 2097152                                   {product} {ergonomic}
   size_t MinHeapSize                              = 8388608                                   {product} {ergonomic}
    uintx NonNMethodCodeHeapSize                   = 5832704                                {pd product} {ergonomic}
    uintx NonProfiledCodeHeapSize                  = 122945536                              {pd product} {ergonomic}
    uintx ProfiledCodeHeapSize                     = 122880000                              {pd product} {ergonomic}
    uintx ReservedCodeCacheSize                    = 251658240                              {pd product} {ergonomic}
     bool SegmentedCodeCache                       = true                                      {product} {ergonomic}
   size_t SoftMaxHeapSize                          = 4221566976                             {manageable} {ergonomic}
     bool UseCompressedOops                        = true                           {product lp64_product} {ergonomic}
     bool UseG1GC                                  = true                                      {product} {ergonomic}
     bool UseLargePagesIndividualAllocation        = false                                  {pd product} {ergonomic}

Logging:
Log output configuration:
 #0: stdout all=warning uptime,level,tags foldmultilines=false
 #1: stderr all=off uptime,level,tags foldmultilines=false

Environment Variables:
PATH=C:\Program Files\Common Files\Oracle\Java\javapath;C:\WINDOWS\system32;C:\WINDOWS;C:\WINDOWS\System32\Wbem;C:\WINDOWS\System32\WindowsPowerShell\v1.0\;C:\WINDOWS\System32\OpenSSH\;C:\Program Files\dotnet\;C:\Program Files\MySQL\MySQL Server 8.0\bin;C:\Program Files\Java\jdk-25\bin;C:\Program Files (x86)\Windows Kits\10\Windows Performance Toolkit\;C:\Program Files\MySQL\MySQL Server 8.0\bin;C:\Program Files\MySQL\MySQL Shell 8.0\bin\;C:\Users\DELL\AppData\Local\Microsoft\WindowsApps;C:\Users\DELL\AppData\Local\Programs\Microsoft VS Code\bin;
USERNAME=DELL
OS=Windows_NT
PROCESSOR_IDENTIFIER=Intel64 Family 6 Model 158 Stepping 13, GenuineIntel
TMP=C:\Users\DELL\AppData\Local\Temp
TEMP=C:\Users\DELL\AppData\Local\Temp




Periodic native trim disabled

---------------  S Y S T E M  ---------------

OS:
 Windows 11 , 64 bit Build 26100 (10.0.26100.7019)
OS uptime: 8 days 0:38 hours

CPU: total 12 (initial active 12) (6 cores per cpu, 2 threads per core) family 6 model 158 stepping 13 microcode 0xf4, cx8, cmov, fxsr, ht, mmx, 3dnowpref, sse, sse2, sse3, ssse3, sse4.1, sse4.2, popcnt, lzcnt, tsc, tscinvbit, avx, avx2, aes, erms, clmul, bmi1, bmi2, adx, fma, vzeroupper, clflush, clflushopt, rdtscp, f16c
Processor Information for processor 0
  Max Mhz: 2592, Current Mhz: 1495, Mhz Limit: 2592
Processor Information for processor 1
  Max Mhz: 2592, Current Mhz: 1495, Mhz Limit: 2592
Processor Information for processor 2
  Max Mhz: 2592, Current Mhz: 1495, Mhz Limit: 2592
Processor Information for processor 3
  Max Mhz: 2592, Current Mhz: 1495, Mhz Limit: 2592
Processor Information for processor 4
  Max Mhz: 2592, Current Mhz: 2592, Mhz Limit: 2592
Processor Information for processor 5
  Max Mhz: 2592, Current Mhz: 1495, Mhz Limit: 2592
Processor Information for processor 6
  Max Mhz: 2592, Current Mhz: 1495, Mhz Limit: 2592
Processor Information for processor 7
  Max Mhz: 2592, Current Mhz: 2592, Mhz Limit: 2592
Processor Information for processor 8
  Max Mhz: 2592, Current Mhz: 1495, Mhz Limit: 2592
Processor Information for processor 9
  Max Mhz: 2592, Current Mhz: 2592, Mhz Limit: 2592
Processor Information for processor 10
  Max Mhz: 2592, Current Mhz: 2592, Mhz Limit: 2592
Processor Information for processor 11
  Max Mhz: 2592, Current Mhz: 1495, Mhz Limit: 2592

Memory: 4k page, system-wide physical 16102M (3413M free)
TotalPageFile size 34710M (AvailPageFile size 7M)
current process WorkingSet (physical memory assigned to process): 159M, peak: 159M
current process commit charge ("private bytes"): 379M, peak: 383M

vm_info: OpenJDK 64-Bit Server VM (24.0.2+12) for windows-amd64 JRE (24.0.2+12) (Zulu24.32+13-CA), built on 2025-07-11T12:45:44Z with MS VC++ 17.1 (VS2022)

END.
