#
# There is insufficient memory for the Java Runtime Environment to continue.
# Native memory allocation (malloc) failed to allocate 2487696 bytes. Error detail: Chunk::new
# Possible reasons:
#   The system is out of physical RAM or swap space
#   This process is running with CompressedOops enabled, and the Java Heap may be blocking the growth of the native heap
# Possible solutions:
#   Reduce memory load on the system
#   Increase physical memory or swap space
#   Check if swap backing store is full
#   Decrease Java heap size (-Xmx/-Xms)
#   Decrease number of Java threads
#   Decrease Java thread stack sizes (-Xss)
#   Set larger code cache with -XX:ReservedCodeCacheSize=
#   JVM is running with Zero Based Compressed Oops mode in which the Java heap is
#     placed in the first 32GB address space. The Java Heap base address is the
#     maximum limit for the native heap growth. Please use -XX:HeapBaseMinAddress
#     to set the Java Heap base and to place the Java Heap above 32GB virtual address.
# This output file may be truncated or incomplete.
#
#  Out of Memory Error (arena.cpp:162), pid=24784, tid=38008
#
# JRE version: OpenJDK Runtime Environment Zulu24.32+13-CA (24.0.2+12) (build 24.0.2+12)
# Java VM: OpenJDK 64-Bit Server VM Zulu24.32+13-CA (24.0.2+12, mixed mode, sharing, tiered, compressed oops, compressed class ptrs, g1 gc, windows-amd64)
# No core dump will be written. Minidumps are not enabled by default on client versions of Windows
#

---------------  S U M M A R Y ------------

Command Line: -Dfile.encoding=UTF-8 --module-path=C:\Users\DELL\Documents\NetBeansProjects\ project_1\build\classes project_1

Host: Intel(R) Core(TM) i7-9850H CPU @ 2.60GHz, 12 cores, 15G,  Windows 11 , 64 bit Build 26100 (10.0.26100.7019)
Time: Sat Nov 29 14:25:43 2025 Egypt Standard Time elapsed time: 1.424782 seconds (0d 0h 0m 1s)

---------------  T H R E A D  ---------------

Current thread (0x0000024bb1c7a3a0):  JavaThread "C2 CompilerThread1" daemon [_thread_in_native, id=38008, stack(0x00000073fac00000,0x00000073fad00000) (1024K)]


Current CompileTask:
C2:1425  814       4       java.util.HashMap::putIfAbsent (13 bytes)

Stack: [0x00000073fac00000,0x00000073fad00000]
Native frames: (J=compiled Java code, j=interpreted, Vv=VM code, C=native code)
V  [jvm.dll+0x741329]  (no source info available)
V  [jvm.dll+0x97e243]  (no source info available)
V  [jvm.dll+0x98056d]  (no source info available)
V  [jvm.dll+0x980be3]  (no source info available)
V  [jvm.dll+0x2b5a76]  (no source info available)
V  [jvm.dll+0xd00af]  (no source info available)
V  [jvm.dll+0xd030f]  (no source info available)
V  [jvm.dll+0x15b85f]  (no source info available)
V  [jvm.dll+0x746bef]  (no source info available)
V  [jvm.dll+0x27a478]  (no source info available)
V  [jvm.dll+0x279591]  (no source info available)
V  [jvm.dll+0x1f30fa]  (no source info available)
V  [jvm.dll+0x288d95]  (no source info available)
V  [jvm.dll+0x28702a]  (no source info available)
V  [jvm.dll+0x43e016]  (no source info available)
V  [jvm.dll+0x920c78]  (no source info available)
V  [jvm.dll+0x73fab5]  (no source info available)
C  [ucrtbase.dll+0x37b0]  (no source info available)
C  [KERNEL32.DLL+0x2e8d7]  (no source info available)
C  [ntdll.dll+0x8c53c]  (no source info available)

Lock stack of current Java thread (top to bottom):


---------------  P R O C E S S  ---------------

Threads class SMR info:
_java_thread_list=0x0000024bf75fe3c0, length=18, elements={
0x0000024bb13c15e0, 0x0000024bb13c1d20, 0x0000024bb13c3c70, 0x0000024bb13c4a00,
0x0000024bb13c97b0, 0x0000024bb1b601c0, 0x0000024bb1b60c30, 0x0000024bb1b613c0,
0x0000024bb1c3d180, 0x0000024bb1c7a3a0, 0x0000024bb1d6f5d0, 0x0000024bb1f3e890,
0x0000024bf74ba010, 0x0000024bf7245270, 0x0000024bf76489d0, 0x0000024b8fbfbe60,
0x0000024bf7815eb0, 0x0000024bf78d6890
}

Java Threads: ( => current thread )
  0x0000024bb13c15e0 JavaThread "Reference Handler"          daemon [_thread_blocked, id=36524, stack(0x00000073fa300000,0x00000073fa400000) (1024K)]
  0x0000024bb13c1d20 JavaThread "Finalizer"                  daemon [_thread_blocked, id=33444, stack(0x00000073fa400000,0x00000073fa500000) (1024K)]
  0x0000024bb13c3c70 JavaThread "Signal Dispatcher"          daemon [_thread_blocked, id=34420, stack(0x00000073fa500000,0x00000073fa600000) (1024K)]
  0x0000024bb13c4a00 JavaThread "Attach Listener"            daemon [_thread_blocked, id=7200, stack(0x00000073fa600000,0x00000073fa700000) (1024K)]
  0x0000024bb13c97b0 JavaThread "Service Thread"             daemon [_thread_blocked, id=9344, stack(0x00000073fa700000,0x00000073fa800000) (1024K)]
  0x0000024bb1b601c0 JavaThread "Monitor Deflation Thread"   daemon [_thread_blocked, id=2564, stack(0x00000073fa800000,0x00000073fa900000) (1024K)]
  0x0000024bb1b60c30 JavaThread "C2 CompilerThread0"         daemon [_thread_in_native, id=24264, stack(0x00000073fa900000,0x00000073faa00000) (1024K)]
  0x0000024bb1b613c0 JavaThread "C1 CompilerThread0"         daemon [_thread_in_vm, id=30160, stack(0x00000073faa00000,0x00000073fab00000) (1024K)]
  0x0000024bb1c3d180 JavaThread "Common-Cleaner"             daemon [_thread_blocked, id=34028, stack(0x00000073fab00000,0x00000073fac00000) (1024K)]
=>0x0000024bb1c7a3a0 JavaThread "C2 CompilerThread1"         daemon [_thread_in_native, id=38008, stack(0x00000073fac00000,0x00000073fad00000) (1024K)]
  0x0000024bb1d6f5d0 JavaThread "Notification Thread"        daemon [_thread_blocked, id=12388, stack(0x00000073fad00000,0x00000073fae00000) (1024K)]
  0x0000024bb1f3e890 JavaThread "Java2D Disposer"            daemon [_thread_blocked, id=26412, stack(0x00000073fae00000,0x00000073faf00000) (1024K)]
  0x0000024bf74ba010 JavaThread "AWT-Shutdown"                      [_thread_blocked, id=9052, stack(0x00000073faf00000,0x00000073fb000000) (1024K)]
  0x0000024bf7245270 JavaThread "AWT-Windows"                daemon [_thread_in_native, id=29112, stack(0x00000073fb000000,0x00000073fb100000) (1024K)]
  0x0000024bf76489d0 JavaThread "AWT-EventQueue-0"                  [_thread_blocked, id=33220, stack(0x00000073fb100000,0x00000073fb200000) (1024K)]
  0x0000024b8fbfbe60 JavaThread "DestroyJavaVM"                     [_thread_blocked, id=35264, stack(0x00000073f9b00000,0x00000073f9c00000) (1024K)]
  0x0000024bf7815eb0 JavaThread "Image Fetcher 0"            daemon [_thread_in_vm, id=37360, stack(0x00000073fb200000,0x00000073fb300000) (1024K)]
  0x0000024bf78d6890 JavaThread "C2 CompilerThread2"         daemon [_thread_in_native, id=15344, stack(0x00000073fb300000,0x00000073fb400000) (1024K)]
Total: 18

Other Threads:
  0x0000024bb13adb80 VMThread "VM Thread"                           [id=35516, stack(0x00000073fa200000,0x00000073fa300000) (1024K)]
  0x0000024bb139a950 WatcherThread "VM Periodic Task Thread"        [id=23128, stack(0x00000073fa100000,0x00000073fa200000) (1024K)]
  0x0000024b92000900 WorkerThread "GC Thread#0"                     [id=12644, stack(0x00000073f9c00000,0x00000073f9d00000) (1024K)]
  0x0000024b920153c0 ConcurrentGCThread "G1 Main Marker"            [id=33504, stack(0x00000073f9d00000,0x00000073f9e00000) (1024K)]
  0x0000024b92015ed0 WorkerThread "G1 Conc#0"                       [id=32232, stack(0x00000073f9e00000,0x00000073f9f00000) (1024K)]
  0x0000024bb125b0a0 ConcurrentGCThread "G1 Refine#0"               [id=28288, stack(0x00000073f9f00000,0x00000073fa000000) (1024K)]
  0x0000024bb125cff0 ConcurrentGCThread "G1 Service"                [id=38756, stack(0x00000073fa000000,0x00000073fa100000) (1024K)]
Total: 7

Threads with active compile tasks:
C2 CompilerThread0  2521  838       4       java.util.HashMap::putVal (300 bytes)
C1 CompilerThread0  2521  983       3       sun.util.locale.LanguageTag::parseLanguage (55 bytes)
C2 CompilerThread1  2521  814       4       java.util.HashMap::putIfAbsent (13 bytes)
C2 CompilerThread2  2521  987       4       java.lang.StringUTF16::compress (47 bytes)
Total: 4

VM state: not at safepoint (normal execution)

VM Mutex/Monitor currently owned by a thread: None

Heap address: 0x0000000704600000, size: 4026 MB, Compressed Oops mode: Zero based, Oop shift amount: 3

CDS archive(s) mapped at: [0x0000024bb2000000-0x0000024bb2d40000-0x0000024bb2d40000), size 13893632, SharedBaseAddress: 0x0000024bb2000000, ArchiveRelocationMode: 1.
Compressed class space mapped at: 0x0000024bb3000000-0x0000024bf3000000, reserved size: 1073741824
UseCompressedClassPointers 1, UseCompactObjectHeaders 0
Narrow klass pointer bits 32, Max shift 3
Narrow klass base: 0x0000024bb2000000, Narrow klass shift: 0
Encoding Range: [0x0000024bb2000000 - 0x0000024cb2000000), (4294967296 bytes)
Klass Range:    [0x0000024bb2000000 - 0x0000024bf3000000), (1090519040 bytes)
Klass ID Range:  [8 - 1090519033) (1090519025)

GC Precious Log:
 CardTable entry size: 512
 Card Set container configuration: InlinePtr #cards 4 size 8 Array Of Cards #cards 16 size 48 Howl #buckets 8 coarsen threshold 3686 Howl Bitmap #cards 512 size 80 coarsen threshold 460 Card regions per heap region 1 cards per card region 4096
 CPUs: 12 total, 12 available
 Memory: 16102M
 Large Page Support: Disabled
 NUMA Support: Disabled
 Compressed Oops: Enabled (Zero based)
 Heap Region Size: 2M
 Heap Min Capacity: 8M
 Heap Initial Capacity: 252M
 Heap Max Capacity: 4026M
 Pre-touch: Disabled
 Parallel Workers: 10
 Concurrent Workers: 3
 Concurrent Refinement Workers: 10
 Periodic GC: Disabled

Heap:
 garbage-first heap   total reserved 4122624K, committed 260096K, used 15472K [0x0000000704600000, 0x0000000800000000)
  region size 2048K, 8 young (16384K), 0 survivors (0K)
 Metaspace       used 8963K, committed 9152K, reserved 1114112K
  class space    used 881K, committed 960K, reserved 1048576K

Heap Regions: E=young(eden), S=young(survivor), O=old, HS=humongous(starts), HC=humongous(continues), CS=collection set, F=free, TAMS=top-at-mark-start, PB=parsable bottom
|   0|0x0000000704600000, 0x0000000704600000, 0x0000000704800000|  0%| F|  |TAMS 0x0000000704600000| PB 0x0000000704600000| Untracked |  0
|   1|0x0000000704800000, 0x0000000704800000, 0x0000000704a00000|  0%| F|  |TAMS 0x0000000704800000| PB 0x0000000704800000| Untracked |  0
|   2|0x0000000704a00000, 0x0000000704a00000, 0x0000000704c00000|  0%| F|  |TAMS 0x0000000704a00000| PB 0x0000000704a00000| Untracked |  0
|   3|0x0000000704c00000, 0x0000000704c00000, 0x0000000704e00000|  0%| F|  |TAMS 0x0000000704c00000| PB 0x0000000704c00000| Untracked |  0
|   4|0x0000000704e00000, 0x0000000704e00000, 0x0000000705000000|  0%| F|  |TAMS 0x0000000704e00000| PB 0x0000000704e00000| Untracked |  0
|   5|0x0000000705000000, 0x0000000705000000, 0x0000000705200000|  0%| F|  |TAMS 0x0000000705000000| PB 0x0000000705000000| Untracked |  0
|   6|0x0000000705200000, 0x0000000705200000, 0x0000000705400000|  0%| F|  |TAMS 0x0000000705200000| PB 0x0000000705200000| Untracked |  0
|   7|0x0000000705400000, 0x0000000705400000, 0x0000000705600000|  0%| F|  |TAMS 0x0000000705400000| PB 0x0000000705400000| Untracked |  0
|   8|0x0000000705600000, 0x0000000705600000, 0x0000000705800000|  0%| F|  |TAMS 0x0000000705600000| PB 0x0000000705600000| Untracked |  0
|   9|0x0000000705800000, 0x0000000705800000, 0x0000000705a00000|  0%| F|  |TAMS 0x0000000705800000| PB 0x0000000705800000| Untracked |  0
|  10|0x0000000705a00000, 0x0000000705a00000, 0x0000000705c00000|  0%| F|  |TAMS 0x0000000705a00000| PB 0x0000000705a00000| Untracked |  0
|  11|0x0000000705c00000, 0x0000000705c00000, 0x0000000705e00000|  0%| F|  |TAMS 0x0000000705c00000| PB 0x0000000705c00000| Untracked |  0
|  12|0x0000000705e00000, 0x0000000705e00000, 0x0000000706000000|  0%| F|  |TAMS 0x0000000705e00000| PB 0x0000000705e00000| Untracked |  0
|  13|0x0000000706000000, 0x0000000706000000, 0x0000000706200000|  0%| F|  |TAMS 0x0000000706000000| PB 0x0000000706000000| Untracked |  0
|  14|0x0000000706200000, 0x0000000706200000, 0x0000000706400000|  0%| F|  |TAMS 0x0000000706200000| PB 0x0000000706200000| Untracked |  0
|  15|0x0000000706400000, 0x0000000706400000, 0x0000000706600000|  0%| F|  |TAMS 0x0000000706400000| PB 0x0000000706400000| Untracked |  0
|  16|0x0000000706600000, 0x0000000706600000, 0x0000000706800000|  0%| F|  |TAMS 0x0000000706600000| PB 0x0000000706600000| Untracked |  0
|  17|0x0000000706800000, 0x0000000706800000, 0x0000000706a00000|  0%| F|  |TAMS 0x0000000706800000| PB 0x0000000706800000| Untracked |  0
|  18|0x0000000706a00000, 0x0000000706a00000, 0x0000000706c00000|  0%| F|  |TAMS 0x0000000706a00000| PB 0x0000000706a00000| Untracked |  0
|  19|0x0000000706c00000, 0x0000000706c00000, 0x0000000706e00000|  0%| F|  |TAMS 0x0000000706c00000| PB 0x0000000706c00000| Untracked |  0
|  20|0x0000000706e00000, 0x0000000706e00000, 0x0000000707000000|  0%| F|  |TAMS 0x0000000706e00000| PB 0x0000000706e00000| Untracked |  0
|  21|0x0000000707000000, 0x0000000707000000, 0x0000000707200000|  0%| F|  |TAMS 0x0000000707000000| PB 0x0000000707000000| Untracked |  0
|  22|0x0000000707200000, 0x0000000707200000, 0x0000000707400000|  0%| F|  |TAMS 0x0000000707200000| PB 0x0000000707200000| Untracked |  0
|  23|0x0000000707400000, 0x0000000707400000, 0x0000000707600000|  0%| F|  |TAMS 0x0000000707400000| PB 0x0000000707400000| Untracked |  0
|  24|0x0000000707600000, 0x0000000707600000, 0x0000000707800000|  0%| F|  |TAMS 0x0000000707600000| PB 0x0000000707600000| Untracked |  0
|  25|0x0000000707800000, 0x0000000707800000, 0x0000000707a00000|  0%| F|  |TAMS 0x0000000707800000| PB 0x0000000707800000| Untracked |  0
|  26|0x0000000707a00000, 0x0000000707a00000, 0x0000000707c00000|  0%| F|  |TAMS 0x0000000707a00000| PB 0x0000000707a00000| Untracked |  0
|  27|0x0000000707c00000, 0x0000000707c00000, 0x0000000707e00000|  0%| F|  |TAMS 0x0000000707c00000| PB 0x0000000707c00000| Untracked |  0
|  28|0x0000000707e00000, 0x0000000707e00000, 0x0000000708000000|  0%| F|  |TAMS 0x0000000707e00000| PB 0x0000000707e00000| Untracked |  0
|  29|0x0000000708000000, 0x0000000708000000, 0x0000000708200000|  0%| F|  |TAMS 0x0000000708000000| PB 0x0000000708000000| Untracked |  0
|  30|0x0000000708200000, 0x0000000708200000, 0x0000000708400000|  0%| F|  |TAMS 0x0000000708200000| PB 0x0000000708200000| Untracked |  0
|  31|0x0000000708400000, 0x0000000708400000, 0x0000000708600000|  0%| F|  |TAMS 0x0000000708400000| PB 0x0000000708400000| Untracked |  0
|  32|0x0000000708600000, 0x0000000708600000, 0x0000000708800000|  0%| F|  |TAMS 0x0000000708600000| PB 0x0000000708600000| Untracked |  0
|  33|0x0000000708800000, 0x0000000708800000, 0x0000000708a00000|  0%| F|  |TAMS 0x0000000708800000| PB 0x0000000708800000| Untracked |  0
|  34|0x0000000708a00000, 0x0000000708a00000, 0x0000000708c00000|  0%| F|  |TAMS 0x0000000708a00000| PB 0x0000000708a00000| Untracked |  0
|  35|0x0000000708c00000, 0x0000000708c00000, 0x0000000708e00000|  0%| F|  |TAMS 0x0000000708c00000| PB 0x0000000708c00000| Untracked |  0
|  36|0x0000000708e00000, 0x0000000708e00000, 0x0000000709000000|  0%| F|  |TAMS 0x0000000708e00000| PB 0x0000000708e00000| Untracked |  0
|  37|0x0000000709000000, 0x0000000709000000, 0x0000000709200000|  0%| F|  |TAMS 0x0000000709000000| PB 0x0000000709000000| Untracked |  0
|  38|0x0000000709200000, 0x0000000709200000, 0x0000000709400000|  0%| F|  |TAMS 0x0000000709200000| PB 0x0000000709200000| Untracked |  0
|  39|0x0000000709400000, 0x0000000709400000, 0x0000000709600000|  0%| F|  |TAMS 0x0000000709400000| PB 0x0000000709400000| Untracked |  0
|  40|0x0000000709600000, 0x0000000709600000, 0x0000000709800000|  0%| F|  |TAMS 0x0000000709600000| PB 0x0000000709600000| Untracked |  0
|  41|0x0000000709800000, 0x0000000709800000, 0x0000000709a00000|  0%| F|  |TAMS 0x0000000709800000| PB 0x0000000709800000| Untracked |  0
|  42|0x0000000709a00000, 0x0000000709a00000, 0x0000000709c00000|  0%| F|  |TAMS 0x0000000709a00000| PB 0x0000000709a00000| Untracked |  0
|  43|0x0000000709c00000, 0x0000000709c00000, 0x0000000709e00000|  0%| F|  |TAMS 0x0000000709c00000| PB 0x0000000709c00000| Untracked |  0
|  44|0x0000000709e00000, 0x0000000709e00000, 0x000000070a000000|  0%| F|  |TAMS 0x0000000709e00000| PB 0x0000000709e00000| Untracked |  0
|  45|0x000000070a000000, 0x000000070a000000, 0x000000070a200000|  0%| F|  |TAMS 0x000000070a000000| PB 0x000000070a000000| Untracked |  0
|  46|0x000000070a200000, 0x000000070a200000, 0x000000070a400000|  0%| F|  |TAMS 0x000000070a200000| PB 0x000000070a200000| Untracked |  0
|  47|0x000000070a400000, 0x000000070a400000, 0x000000070a600000|  0%| F|  |TAMS 0x000000070a400000| PB 0x000000070a400000| Untracked |  0
|  48|0x000000070a600000, 0x000000070a600000, 0x000000070a800000|  0%| F|  |TAMS 0x000000070a600000| PB 0x000000070a600000| Untracked |  0
|  49|0x000000070a800000, 0x000000070a800000, 0x000000070aa00000|  0%| F|  |TAMS 0x000000070a800000| PB 0x000000070a800000| Untracked |  0
|  50|0x000000070aa00000, 0x000000070aa00000, 0x000000070ac00000|  0%| F|  |TAMS 0x000000070aa00000| PB 0x000000070aa00000| Untracked |  0
|  51|0x000000070ac00000, 0x000000070ac00000, 0x000000070ae00000|  0%| F|  |TAMS 0x000000070ac00000| PB 0x000000070ac00000| Untracked |  0
|  52|0x000000070ae00000, 0x000000070ae00000, 0x000000070b000000|  0%| F|  |TAMS 0x000000070ae00000| PB 0x000000070ae00000| Untracked |  0
|  53|0x000000070b000000, 0x000000070b000000, 0x000000070b200000|  0%| F|  |TAMS 0x000000070b000000| PB 0x000000070b000000| Untracked |  0
|  54|0x000000070b200000, 0x000000070b200000, 0x000000070b400000|  0%| F|  |TAMS 0x000000070b200000| PB 0x000000070b200000| Untracked |  0
|  55|0x000000070b400000, 0x000000070b400000, 0x000000070b600000|  0%| F|  |TAMS 0x000000070b400000| PB 0x000000070b400000| Untracked |  0
|  56|0x000000070b600000, 0x000000070b600000, 0x000000070b800000|  0%| F|  |TAMS 0x000000070b600000| PB 0x000000070b600000| Untracked |  0
|  57|0x000000070b800000, 0x000000070b800000, 0x000000070ba00000|  0%| F|  |TAMS 0x000000070b800000| PB 0x000000070b800000| Untracked |  0
|  58|0x000000070ba00000, 0x000000070ba00000, 0x000000070bc00000|  0%| F|  |TAMS 0x000000070ba00000| PB 0x000000070ba00000| Untracked |  0
|  59|0x000000070bc00000, 0x000000070bc00000, 0x000000070be00000|  0%| F|  |TAMS 0x000000070bc00000| PB 0x000000070bc00000| Untracked |  0
|  60|0x000000070be00000, 0x000000070be00000, 0x000000070c000000|  0%| F|  |TAMS 0x000000070be00000| PB 0x000000070be00000| Untracked |  0
|  61|0x000000070c000000, 0x000000070c000000, 0x000000070c200000|  0%| F|  |TAMS 0x000000070c000000| PB 0x000000070c000000| Untracked |  0
|  62|0x000000070c200000, 0x000000070c200000, 0x000000070c400000|  0%| F|  |TAMS 0x000000070c200000| PB 0x000000070c200000| Untracked |  0
|  63|0x000000070c400000, 0x000000070c400000, 0x000000070c600000|  0%| F|  |TAMS 0x000000070c400000| PB 0x000000070c400000| Untracked |  0
|  64|0x000000070c600000, 0x000000070c600000, 0x000000070c800000|  0%| F|  |TAMS 0x000000070c600000| PB 0x000000070c600000| Untracked |  0
|  65|0x000000070c800000, 0x000000070c800000, 0x000000070ca00000|  0%| F|  |TAMS 0x000000070c800000| PB 0x000000070c800000| Untracked |  0
|  66|0x000000070ca00000, 0x000000070ca00000, 0x000000070cc00000|  0%| F|  |TAMS 0x000000070ca00000| PB 0x000000070ca00000| Untracked |  0
|  67|0x000000070cc00000, 0x000000070cc00000, 0x000000070ce00000|  0%| F|  |TAMS 0x000000070cc00000| PB 0x000000070cc00000| Untracked |  0
|  68|0x000000070ce00000, 0x000000070ce00000, 0x000000070d000000|  0%| F|  |TAMS 0x000000070ce00000| PB 0x000000070ce00000| Untracked |  0
|  69|0x000000070d000000, 0x000000070d000000, 0x000000070d200000|  0%| F|  |TAMS 0x000000070d000000| PB 0x000000070d000000| Untracked |  0
|  70|0x000000070d200000, 0x000000070d200000, 0x000000070d400000|  0%| F|  |TAMS 0x000000070d200000| PB 0x000000070d200000| Untracked |  0
|  71|0x000000070d400000, 0x000000070d400000, 0x000000070d600000|  0%| F|  |TAMS 0x000000070d400000| PB 0x000000070d400000| Untracked |  0
|  72|0x000000070d600000, 0x000000070d600000, 0x000000070d800000|  0%| F|  |TAMS 0x000000070d600000| PB 0x000000070d600000| Untracked |  0
|  73|0x000000070d800000, 0x000000070d800000, 0x000000070da00000|  0%| F|  |TAMS 0x000000070d800000| PB 0x000000070d800000| Untracked |  0
|  74|0x000000070da00000, 0x000000070da00000, 0x000000070dc00000|  0%| F|  |TAMS 0x000000070da00000| PB 0x000000070da00000| Untracked |  0
|  75|0x000000070dc00000, 0x000000070dc00000, 0x000000070de00000|  0%| F|  |TAMS 0x000000070dc00000| PB 0x000000070dc00000| Untracked |  0
|  76|0x000000070de00000, 0x000000070de00000, 0x000000070e000000|  0%| F|  |TAMS 0x000000070de00000| PB 0x000000070de00000| Untracked |  0
|  77|0x000000070e000000, 0x000000070e000000, 0x000000070e200000|  0%| F|  |TAMS 0x000000070e000000| PB 0x000000070e000000| Untracked |  0
|  78|0x000000070e200000, 0x000000070e200000, 0x000000070e400000|  0%| F|  |TAMS 0x000000070e200000| PB 0x000000070e200000| Untracked |  0
|  79|0x000000070e400000, 0x000000070e400000, 0x000000070e600000|  0%| F|  |TAMS 0x000000070e400000| PB 0x000000070e400000| Untracked |  0
|  80|0x000000070e600000, 0x000000070e600000, 0x000000070e800000|  0%| F|  |TAMS 0x000000070e600000| PB 0x000000070e600000| Untracked |  0
|  81|0x000000070e800000, 0x000000070e800000, 0x000000070ea00000|  0%| F|  |TAMS 0x000000070e800000| PB 0x000000070e800000| Untracked |  0
|  82|0x000000070ea00000, 0x000000070ea00000, 0x000000070ec00000|  0%| F|  |TAMS 0x000000070ea00000| PB 0x000000070ea00000| Untracked |  0
|  83|0x000000070ec00000, 0x000000070ec00000, 0x000000070ee00000|  0%| F|  |TAMS 0x000000070ec00000| PB 0x000000070ec00000| Untracked |  0
|  84|0x000000070ee00000, 0x000000070ee00000, 0x000000070f000000|  0%| F|  |TAMS 0x000000070ee00000| PB 0x000000070ee00000| Untracked |  0
|  85|0x000000070f000000, 0x000000070f000000, 0x000000070f200000|  0%| F|  |TAMS 0x000000070f000000| PB 0x000000070f000000| Untracked |  0
|  86|0x000000070f200000, 0x000000070f200000, 0x000000070f400000|  0%| F|  |TAMS 0x000000070f200000| PB 0x000000070f200000| Untracked |  0
|  87|0x000000070f400000, 0x000000070f400000, 0x000000070f600000|  0%| F|  |TAMS 0x000000070f400000| PB 0x000000070f400000| Untracked |  0
|  88|0x000000070f600000, 0x000000070f600000, 0x000000070f800000|  0%| F|  |TAMS 0x000000070f600000| PB 0x000000070f600000| Untracked |  0
|  89|0x000000070f800000, 0x000000070f800000, 0x000000070fa00000|  0%| F|  |TAMS 0x000000070f800000| PB 0x000000070f800000| Untracked |  0
|  90|0x000000070fa00000, 0x000000070fa00000, 0x000000070fc00000|  0%| F|  |TAMS 0x000000070fa00000| PB 0x000000070fa00000| Untracked |  0
|  91|0x000000070fc00000, 0x000000070fc00000, 0x000000070fe00000|  0%| F|  |TAMS 0x000000070fc00000| PB 0x000000070fc00000| Untracked |  0
|  92|0x000000070fe00000, 0x000000070fe00000, 0x0000000710000000|  0%| F|  |TAMS 0x000000070fe00000| PB 0x000000070fe00000| Untracked |  0
|  93|0x0000000710000000, 0x0000000710000000, 0x0000000710200000|  0%| F|  |TAMS 0x0000000710000000| PB 0x0000000710000000| Untracked |  0
|  94|0x0000000710200000, 0x0000000710200000, 0x0000000710400000|  0%| F|  |TAMS 0x0000000710200000| PB 0x0000000710200000| Untracked |  0
|  95|0x0000000710400000, 0x0000000710400000, 0x0000000710600000|  0%| F|  |TAMS 0x0000000710400000| PB 0x0000000710400000| Untracked |  0
|  96|0x0000000710600000, 0x0000000710600000, 0x0000000710800000|  0%| F|  |TAMS 0x0000000710600000| PB 0x0000000710600000| Untracked |  0
|  97|0x0000000710800000, 0x0000000710800000, 0x0000000710a00000|  0%| F|  |TAMS 0x0000000710800000| PB 0x0000000710800000| Untracked |  0
|  98|0x0000000710a00000, 0x0000000710a00000, 0x0000000710c00000|  0%| F|  |TAMS 0x0000000710a00000| PB 0x0000000710a00000| Untracked |  0
|  99|0x0000000710c00000, 0x0000000710c00000, 0x0000000710e00000|  0%| F|  |TAMS 0x0000000710c00000| PB 0x0000000710c00000| Untracked |  0
| 100|0x0000000710e00000, 0x0000000710e00000, 0x0000000711000000|  0%| F|  |TAMS 0x0000000710e00000| PB 0x0000000710e00000| Untracked |  0
| 101|0x0000000711000000, 0x0000000711000000, 0x0000000711200000|  0%| F|  |TAMS 0x0000000711000000| PB 0x0000000711000000| Untracked |  0
| 102|0x0000000711200000, 0x0000000711200000, 0x0000000711400000|  0%| F|  |TAMS 0x0000000711200000| PB 0x0000000711200000| Untracked |  0
| 103|0x0000000711400000, 0x0000000711400000, 0x0000000711600000|  0%| F|  |TAMS 0x0000000711400000| PB 0x0000000711400000| Untracked |  0
| 104|0x0000000711600000, 0x0000000711600000, 0x0000000711800000|  0%| F|  |TAMS 0x0000000711600000| PB 0x0000000711600000| Untracked |  0
| 105|0x0000000711800000, 0x0000000711800000, 0x0000000711a00000|  0%| F|  |TAMS 0x0000000711800000| PB 0x0000000711800000| Untracked |  0
| 106|0x0000000711a00000, 0x0000000711a00000, 0x0000000711c00000|  0%| F|  |TAMS 0x0000000711a00000| PB 0x0000000711a00000| Untracked |  0
| 107|0x0000000711c00000, 0x0000000711c00000, 0x0000000711e00000|  0%| F|  |TAMS 0x0000000711c00000| PB 0x0000000711c00000| Untracked |  0
| 108|0x0000000711e00000, 0x0000000711e00000, 0x0000000712000000|  0%| F|  |TAMS 0x0000000711e00000| PB 0x0000000711e00000| Untracked |  0
| 109|0x0000000712000000, 0x0000000712000000, 0x0000000712200000|  0%| F|  |TAMS 0x0000000712000000| PB 0x0000000712000000| Untracked |  0
| 110|0x0000000712200000, 0x0000000712200000, 0x0000000712400000|  0%| F|  |TAMS 0x0000000712200000| PB 0x0000000712200000| Untracked |  0
| 111|0x0000000712400000, 0x0000000712400000, 0x0000000712600000|  0%| F|  |TAMS 0x0000000712400000| PB 0x0000000712400000| Untracked |  0
| 112|0x0000000712600000, 0x0000000712600000, 0x0000000712800000|  0%| F|  |TAMS 0x0000000712600000| PB 0x0000000712600000| Untracked |  0
| 113|0x0000000712800000, 0x0000000712800000, 0x0000000712a00000|  0%| F|  |TAMS 0x0000000712800000| PB 0x0000000712800000| Untracked |  0
| 114|0x0000000712a00000, 0x0000000712a00000, 0x0000000712c00000|  0%| F|  |TAMS 0x0000000712a00000| PB 0x0000000712a00000| Untracked |  0
| 115|0x0000000712c00000, 0x0000000712c00000, 0x0000000712e00000|  0%| F|  |TAMS 0x0000000712c00000| PB 0x0000000712c00000| Untracked |  0
| 116|0x0000000712e00000, 0x0000000712e00000, 0x0000000713000000|  0%| F|  |TAMS 0x0000000712e00000| PB 0x0000000712e00000| Untracked |  0
| 117|0x0000000713000000, 0x0000000713000000, 0x0000000713200000|  0%| F|  |TAMS 0x0000000713000000| PB 0x0000000713000000| Untracked |  0
| 118|0x0000000713200000, 0x00000007132f5c48, 0x0000000713400000| 48%| E|  |TAMS 0x0000000713200000| PB 0x0000000713200000| Complete |  0
| 119|0x0000000713400000, 0x0000000713600000, 0x0000000713600000|100%| E|CS|TAMS 0x0000000713400000| PB 0x0000000713400000| Complete |  0
| 120|0x0000000713600000, 0x0000000713800000, 0x0000000713800000|100%| E|CS|TAMS 0x0000000713600000| PB 0x0000000713600000| Complete |  0
| 121|0x0000000713800000, 0x0000000713a00000, 0x0000000713a00000|100%| E|CS|TAMS 0x0000000713800000| PB 0x0000000713800000| Complete |  0
| 122|0x0000000713a00000, 0x0000000713c00000, 0x0000000713c00000|100%| E|CS|TAMS 0x0000000713a00000| PB 0x0000000713a00000| Complete |  0
| 123|0x0000000713c00000, 0x0000000713e00000, 0x0000000713e00000|100%| E|CS|TAMS 0x0000000713c00000| PB 0x0000000713c00000| Complete |  0
| 124|0x0000000713e00000, 0x0000000714000000, 0x0000000714000000|100%| E|CS|TAMS 0x0000000713e00000| PB 0x0000000713e00000| Complete |  0
| 125|0x0000000714000000, 0x0000000714200000, 0x0000000714200000|100%| E|CS|TAMS 0x0000000714000000| PB 0x0000000714000000| Complete |  0
|2012|0x00000007ffe00000, 0x00000007fff1c318, 0x0000000800000000| 55%| O|  |TAMS 0x00000007ffe00000| PB 0x00000007ffe00000| Untracked |  0

Card table byte_map: [0x0000024baa7d0000,0x0000024baafb0000] _byte_map_base: 0x0000024ba6fad000

Marking Bits: (CMBitMap*) 0x0000024b92001010
 Bits: [0x0000024baafb0000, 0x0000024baee98000)

Polling page: 0x0000024b91580000

Metaspace:

Usage:
  Non-class:      7.91 MB used.
      Class:    884.12 KB used.
       Both:      8.77 MB used.

Virtual space:
  Non-class space:       64.00 MB reserved,       8.00 MB ( 12%) committed,  1 nodes.
      Class space:        1.00 GB reserved,       1.00 MB ( <1%) committed,  1 nodes.
             Both:        1.06 GB reserved,       9.00 MB ( <1%) committed. 

Chunk freelists:
   Non-Class:  8.05 MB
       Class:  15.05 MB
        Both:  23.10 MB

MaxMetaspaceSize: unlimited
CompressedClassSpaceSize: 1.00 GB
Initial GC threshold: 21.00 MB
Current GC threshold: 21.00 MB
CDS: on
 - commit_granule_bytes: 65536.
 - commit_granule_words: 8192.
 - virtual_space_node_default_size: 8388608.
 - enlarge_chunks_in_place: 1.
UseCompressedClassPointers 1, UseCompactObjectHeaders 0
Narrow klass pointer bits 32, Max shift 3
Narrow klass base: 0x0000024bb2000000, Narrow klass shift: 0
Encoding Range: [0x0000024bb2000000 - 0x0000024cb2000000), (4294967296 bytes)
Klass Range:    [0x0000024bb2000000 - 0x0000024bf3000000), (1090519040 bytes)
Klass ID Range:  [8 - 1090519033) (1090519025)


Internal statistics:

num_allocs_failed_limit: 0.
num_arena_births: 86.
num_arena_deaths: 0.
num_vsnodes_births: 2.
num_vsnodes_deaths: 0.
num_space_committed: 144.
num_space_uncommitted: 0.
num_chunks_returned_to_freelist: 0.
num_chunks_taken_from_freelist: 112.
num_chunk_merges: 0.
num_chunk_splits: 67.
num_chunks_enlarged: 41.
num_inconsistent_stats: 0.

CodeHeap 'non-profiled nmethods': size=120064Kb used=271Kb max_used=271Kb free=119792Kb
 bounds [0x0000024ba2560000, 0x0000024ba27d0000, 0x0000024ba9aa0000]
CodeHeap 'profiled nmethods': size=120000Kb used=1472Kb max_used=1472Kb free=118527Kb
 bounds [0x0000024b9aaa0000, 0x0000024b9ad10000, 0x0000024ba1fd0000]
CodeHeap 'non-nmethods': size=5696Kb used=1426Kb max_used=1435Kb free=4269Kb
 bounds [0x0000024ba1fd0000, 0x0000024ba2240000, 0x0000024ba2560000]
CodeCache: size=245760Kb, used=3169Kb, max_used=3178Kb, free=242588Kb
 total_blobs=1575, nmethods=989, adapters=490, full_count=0
Compilation: enabled, stopped_count=0, restarted_count=0

Compilation events (20 events):
Event: 0.413 Thread 0x0000024bb1b613c0 nmethod 833 0x0000024b9abcb188 code [0x0000024b9abcb340, 0x0000024b9abcbc40]
Event: 0.413 Thread 0x0000024bb1b613c0  835       3       java.util.ArrayList$Itr::hasNext (20 bytes)
Event: 0.413 Thread 0x0000024bb1b613c0 nmethod 835 0x0000024b9abcbc88 code [0x0000024b9abcbda0, 0x0000024b9abcbf08]
Event: 0.413 Thread 0x0000024bb1b613c0  830   !   3       javax.swing.JComponent::getClientProperty (56 bytes)
Event: 0.413 Thread 0x0000024bb1b613c0 nmethod 830 0x0000024b9abcbf88 code [0x0000024b9abcc0e0, 0x0000024b9abcc4e0]
Event: 0.413 Thread 0x0000024bb1b613c0  831       1       javax.swing.text.GapVector::getGapEnd (5 bytes)
Event: 0.413 Thread 0x0000024bb1b613c0 nmethod 831 0x0000024ba259cc08 code [0x0000024ba259cd00, 0x0000024ba259cdc8]
Event: 0.413 Thread 0x0000024bb1b613c0  832       1       javax.swing.text.GapVector::getGapStart (5 bytes)
Event: 0.413 Thread 0x0000024bb1b613c0 nmethod 832 0x0000024ba259cf08 code [0x0000024ba259d000, 0x0000024ba259d0c8]
Event: 0.413 Thread 0x0000024bb1b613c0  829       3       javax.swing.plaf.nimbus.NimbusStyle$CacheKey::hashCode (27 bytes)
Event: 0.414 Thread 0x0000024bb1b613c0 nmethod 829 0x0000024b9abcc508 code [0x0000024b9abcc620, 0x0000024b9abcc800]
Event: 0.414 Thread 0x0000024bb1b613c0  834       1       javax.swing.text.GapVector::getArray (5 bytes)
Event: 0.414 Thread 0x0000024bb1b613c0 nmethod 834 0x0000024ba259d208 code [0x0000024ba259d300, 0x0000024ba259d3c8]
Event: 0.414 Thread 0x0000024bb1b613c0  836       1       javax.swing.plaf.nimbus.DerivedColor::getUiDefaultParentName (5 bytes)
Event: 0.414 Thread 0x0000024bb1b613c0 nmethod 836 0x0000024ba259d508 code [0x0000024ba259d600, 0x0000024ba259d6c8]
Event: 0.414 Thread 0x0000024bb1b613c0  840       1       java.lang.invoke.MethodHandleImpl::isCompileConstant (2 bytes)
Event: 0.414 Thread 0x0000024bb1b613c0 nmethod 840 0x0000024ba259d808 code [0x0000024ba259d900, 0x0000024ba259d9a8]
Event: 0.418 Thread 0x0000024bb1b613c0  841       3       java.util.Locale::hashCode (41 bytes)
Event: 0.418 Thread 0x0000024bb1b613c0 nmethod 841 0x0000024b9abcc888 code [0x0000024b9abcc9c0, 0x0000024b9abccc40]
Event: 0.419 Thread 0x0000024bb1b613c0  843       3       javax.swing.plaf.nimbus.NimbusStyle::getExtendedState (248 bytes)

GC Heap History (0 events):
No events

Dll operation events (9 events):
Event: 0.011 Loaded shared library C:\Program Files\Apache NetBeans\jdk\bin\java.dll
Event: 0.047 Loaded shared library C:\Program Files\Apache NetBeans\jdk\bin\jsvml.dll
Event: 0.074 Loaded shared library C:\Program Files\Apache NetBeans\jdk\bin\net.dll
Event: 0.076 Loaded shared library C:\Program Files\Apache NetBeans\jdk\bin\nio.dll
Event: 0.094 Loaded shared library C:\Program Files\Apache NetBeans\jdk\bin\zip.dll
Event: 0.117 Loaded shared library C:\Program Files\Apache NetBeans\jdk\bin\jimage.dll
Event: 0.129 Loaded shared library C:\Program Files\Apache NetBeans\jdk\bin\awt.dll
Event: 0.250 Loaded shared library C:\Program Files\Apache NetBeans\jdk\bin\freetype.dll
Event: 0.251 Loaded shared library C:\Program Files\Apache NetBeans\jdk\bin\fontmanager.dll

Deoptimization events (20 events):
Event: 0.393 Thread 0x0000024bf76489d0 Uncommon trap: trap_request=0xffffffde fr.pc=0x0000024ba2591838 relative=0x0000000000000738
Event: 0.393 Thread 0x0000024bf76489d0 Uncommon trap: reason=class_check action=maybe_recompile pc=0x0000024ba2591838 method=java.util.HashMap.resize()[Ljava/util/HashMap$Node; @ 200 c2
Event: 0.393 Thread 0x0000024bf76489d0 DEOPT PACKING pc=0x0000024ba2591838 sp=0x00000073fb1fe1d0
Event: 0.393 Thread 0x0000024bf76489d0 DEOPT UNPACKING pc=0x0000024ba20e6302 sp=0x00000073fb1fe120 mode 2
Event: 0.393 Thread 0x0000024bf76489d0 Uncommon trap: trap_request=0xffffffde fr.pc=0x0000024ba2599ec0 relative=0x0000000000000960
Event: 0.393 Thread 0x0000024bf76489d0 Uncommon trap: reason=class_check action=maybe_recompile pc=0x0000024ba2599ec0 method=java.util.HashMap.putVal(ILjava/lang/Object;Ljava/lang/Object;ZZ)Ljava/lang/Object; @ 106 c2
Event: 0.393 Thread 0x0000024bf76489d0 DEOPT PACKING pc=0x0000024ba2599ec0 sp=0x00000073fb1fe220
Event: 0.393 Thread 0x0000024bf76489d0 DEOPT UNPACKING pc=0x0000024ba20e6302 sp=0x00000073fb1fe140 mode 2
Event: 0.393 Thread 0x0000024bf76489d0 Uncommon trap: trap_request=0xffffffde fr.pc=0x0000024ba2599ec0 relative=0x0000000000000960
Event: 0.393 Thread 0x0000024bf76489d0 Uncommon trap: reason=class_check action=maybe_recompile pc=0x0000024ba2599ec0 method=java.util.HashMap.putVal(ILjava/lang/Object;Ljava/lang/Object;ZZ)Ljava/lang/Object; @ 106 c2
Event: 0.393 Thread 0x0000024bf76489d0 DEOPT PACKING pc=0x0000024ba2599ec0 sp=0x00000073fb1fe220
Event: 0.393 Thread 0x0000024bf76489d0 DEOPT UNPACKING pc=0x0000024ba20e6302 sp=0x00000073fb1fe140 mode 2
Event: 0.393 Thread 0x0000024bf76489d0 Uncommon trap: trap_request=0xffffffde fr.pc=0x0000024ba2599ec0 relative=0x0000000000000960
Event: 0.393 Thread 0x0000024bf76489d0 Uncommon trap: reason=class_check action=maybe_recompile pc=0x0000024ba2599ec0 method=java.util.HashMap.putVal(ILjava/lang/Object;Ljava/lang/Object;ZZ)Ljava/lang/Object; @ 106 c2
Event: 0.393 Thread 0x0000024bf76489d0 DEOPT PACKING pc=0x0000024ba2599ec0 sp=0x00000073fb1fe220
Event: 0.393 Thread 0x0000024bf76489d0 DEOPT UNPACKING pc=0x0000024ba20e6302 sp=0x00000073fb1fe140 mode 2
Event: 0.394 Thread 0x0000024bf76489d0 Uncommon trap: trap_request=0xffffffde fr.pc=0x0000024ba2599ec0 relative=0x0000000000000960
Event: 0.394 Thread 0x0000024bf76489d0 Uncommon trap: reason=class_check action=maybe_recompile pc=0x0000024ba2599ec0 method=java.util.HashMap.putVal(ILjava/lang/Object;Ljava/lang/Object;ZZ)Ljava/lang/Object; @ 106 c2
Event: 0.394 Thread 0x0000024bf76489d0 DEOPT PACKING pc=0x0000024ba2599ec0 sp=0x00000073fb1fe200
Event: 0.394 Thread 0x0000024bf76489d0 DEOPT UNPACKING pc=0x0000024ba20e6302 sp=0x00000073fb1fe120 mode 2

Classes loaded (20 events):
Event: 0.415 Loading class javax/swing/ListSelectionModel
Event: 0.415 Loading class javax/swing/ListSelectionModel done
Event: 0.415 Loading class javax/swing/DefaultListSelectionModel done
Event: 0.416 Loading class javax/swing/plaf/synth/SynthListUI
Event: 0.416 Loading class javax/swing/plaf/basic/BasicListUI
Event: 0.417 Loading class javax/swing/plaf/ListUI
Event: 0.417 Loading class javax/swing/plaf/ListUI done
Event: 0.417 Loading class javax/swing/plaf/basic/BasicListUI done
Event: 0.417 Loading class javax/swing/plaf/synth/SynthListUI done
Event: 0.418 Loading class javax/swing/plaf/basic/BasicListUI$ListTransferHandler
Event: 0.418 Loading class javax/swing/plaf/basic/BasicListUI$ListTransferHandler done
Event: 0.418 Loading class javax/swing/plaf/synth/SynthListUI$SynthListCellRenderer
Event: 0.418 Loading class javax/swing/DefaultListCellRenderer$UIResource
Event: 0.418 Loading class javax/swing/DefaultListCellRenderer
Event: 0.418 Loading class javax/swing/ListCellRenderer
Event: 0.418 Loading class javax/swing/ListCellRenderer done
Event: 0.418 Loading class javax/swing/DefaultListCellRenderer done
Event: 0.418 Loading class javax/swing/DefaultListCellRenderer$UIResource done
Event: 0.418 Loading class javax/swing/plaf/synth/SynthListUI$SynthListCellRenderer done
Event: 0.419 Loading class javax/swing/plaf/basic/BasicListUI$Handler

Classes unloaded (0 events):
No events

Classes redefined (0 events):
No events

Internal exceptions (20 events):
Event: 0.300 Thread 0x0000024b8fbfbe60 Exception <a 'java/lang/ClassNotFoundException'{0x000000071399f760}: ToolBar> (0x000000071399f760) 
thrown [s\src\hotspot\share\classfile\systemDictionary.cpp, line 327]
Event: 0.300 Thread 0x0000024b8fbfbe60 Exception <a 'java/lang/ClassNotFoundException'{0x000000071399fc58}: ToolBar> (0x000000071399fc58) 
thrown [s\src\hotspot\share\classfile\systemDictionary.cpp, line 327]
Event: 0.300 Thread 0x0000024b8fbfbe60 Exception <a 'java/lang/ClassNotFoundException'{0x000000071399ffb8}: Button> (0x000000071399ffb8) 
thrown [s\src\hotspot\share\classfile\systemDictionary.cpp, line 327]
Event: 0.300 Thread 0x0000024b8fbfbe60 Exception <a 'java/lang/ClassNotFoundException'{0x00000007139a0480}: ToolBar> (0x00000007139a0480) 
thrown [s\src\hotspot\share\classfile\systemDictionary.cpp, line 327]
Event: 0.300 Thread 0x0000024b8fbfbe60 Exception <a 'java/lang/ClassNotFoundException'{0x00000007139a07f0}: ToggleButton> (0x00000007139a07f0) 
thrown [s\src\hotspot\share\classfile\systemDictionary.cpp, line 327]
Event: 0.300 Thread 0x0000024b8fbfbe60 Exception <a 'java/lang/ClassNotFoundException'{0x00000007139a0c30}: javax/swing/JToolBarSeparator> (0x00000007139a0c30) 
thrown [s\src\hotspot\share\classfile\systemDictionary.cpp, line 327]
Event: 0.300 Thread 0x0000024b8fbfbe60 Exception <a 'java/lang/ClassNotFoundException'{0x00000007139a0f40}: ToolBarSeparator> (0x00000007139a0f40) 
thrown [s\src\hotspot\share\classfile\systemDictionary.cpp, line 327]
Event: 0.301 Thread 0x0000024b8fbfbe60 Exception <a 'java/lang/ClassNotFoundException'{0x00000007139a1458}: ToolTip> (0x00000007139a1458) 
thrown [s\src\hotspot\share\classfile\systemDictionary.cpp, line 327]
Event: 0.301 Thread 0x0000024b8fbfbe60 Exception <a 'java/lang/ClassNotFoundException'{0x00000007139a1da8}: Tree> (0x00000007139a1da8) 
thrown [s\src\hotspot\share\classfile\systemDictionary.cpp, line 327]
Event: 0.301 Thread 0x0000024b8fbfbe60 Exception <a 'java/lang/ClassNotFoundException'{0x00000007139a22a0}: Tree> (0x00000007139a22a0) 
thrown [s\src\hotspot\share\classfile\systemDictionary.cpp, line 327]
Event: 0.302 Thread 0x0000024b8fbfbe60 Exception <a 'java/lang/ClassNotFoundException'{0x00000007139a2610}: javax/swing/JTreeCell> (0x00000007139a2610) 
thrown [s\src\hotspot\share\classfile\systemDictionary.cpp, line 327]
Event: 0.302 Thread 0x0000024b8fbfbe60 Exception <a 'java/lang/ClassNotFoundException'{0x00000007139a2918}: TreeCell> (0x00000007139a2918) 
thrown [s\src\hotspot\share\classfile\systemDictionary.cpp, line 327]
Event: 0.302 Thread 0x0000024b8fbfbe60 Exception <a 'java/lang/ClassNotFoundException'{0x00000007139a30b0}: RootPane> (0x00000007139a30b0) 
thrown [s\src\hotspot\share\classfile\systemDictionary.cpp, line 327]
Event: 0.303 Thread 0x0000024b8fbfbe60 Exception <a 'java/lang/ClassNotFoundException'{0x00000007139a5e20}: com/sun/swing/internal/plaf/metal/resources/spi/metalProvider> (0x00000007139a5e20) 
thrown [s\src\hotspot\share\classfile\systemDictionary.cpp, line 327]
Event: 0.304 Thread 0x0000024b8fbfbe60 Exception <a 'java/lang/ClassNotFoundException'{0x00000007139a9830}: com/sun/swing/internal/plaf/basic/resources/spi/basicProvider> (0x00000007139a9830) 
thrown [s\src\hotspot\share\classfile\systemDictionary.cpp, line 327]
Event: 0.329 Thread 0x0000024bf76489d0 Exception <a 'java/lang/ClassNotFoundException'{0x0000000713733e98}: com/sun/swing/internal/plaf/synth/resources/spi/synthProvider> (0x0000000713733e98) 
thrown [s\src\hotspot\share\classfile\systemDictionary.cpp, line 327]
Event: 0.347 Thread 0x0000024bf76489d0 Exception <a 'java/lang/NoSuchMethodError'{0x0000000713784708}: 'int java.lang.invoke.Invokers$Holder.invokeExact_MT(java.lang.Object, java.lang.Object)'> (0x0000000713784708) 
thrown [s\src\hotspot\share\interpreter\linkResolver.cpp, line 805]
Event: 0.353 Thread 0x0000024bf76489d0 Exception <a 'java/lang/NoSuchMethodError'{0x00000007137947d0}: 'java.lang.Object java.lang.invoke.DirectMethodHandle$Holder.newInvokeSpecial(java.lang.Object, java.lang.Object, int)'> (0x00000007137947d0) 
thrown [s\src\hotspot\share\interpreter\linkResolver.cpp, line 805]
Event: 0.355 Thread 0x0000024bf76489d0 Exception <a 'java/lang/NoSuchMethodError'{0x00000007137ae108}: 'java.lang.Object java.lang.invoke.DirectMethodHandle$Holder.invokeStatic(java.lang.Object, java.lang.Object, java.lang.Object, java.lang.Object, int)'> (0x00000007137ae108) 
thrown [s\src\hotspot\share\interpreter\linkResolver.cpp, line 805]
Event: 0.357 Thread 0x0000024bf76489d0 Exception <a 'java/lang/NoSuchMethodError'{0x00000007137c8450}: 'int java.lang.invoke.DirectMethodHandle$Holder.invokeSpecial(java.lang.Object, java.lang.Object, java.lang.Object)'> (0x00000007137c8450) 
thrown [s\src\hotspot\share\interpreter\linkResolver.cpp, line 805]

VM Operations (6 events):
Event: 0.081 Executing VM operation: HandshakeAllThreads (Deoptimize)
Event: 0.082 Executing VM operation: HandshakeAllThreads (Deoptimize) done
Event: 0.247 Executing VM operation: HandshakeAllThreads (Deoptimize)
Event: 0.247 Executing VM operation: HandshakeAllThreads (Deoptimize) done
Event: 0.388 Executing VM operation: HandshakeAllThreads (Deoptimize)
Event: 0.388 Executing VM operation: HandshakeAllThreads (Deoptimize) done

Memory protections (0 events):
No events

Nmethod flushes (0 events):
No events

Events (18 events):
Event: 0.033 Thread 0x0000024b8fbfbe60 Thread added: 0x0000024b8fbfbe60
Event: 0.044 Thread 0x0000024b8fbfbe60 Thread added: 0x0000024bb13c15e0
Event: 0.044 Thread 0x0000024b8fbfbe60 Thread added: 0x0000024bb13c1d20
Event: 0.044 Thread 0x0000024b8fbfbe60 Thread added: 0x0000024bb13c3c70
Event: 0.044 Thread 0x0000024b8fbfbe60 Thread added: 0x0000024bb13c4a00
Event: 0.045 Thread 0x0000024b8fbfbe60 Thread added: 0x0000024bb13c97b0
Event: 0.045 Thread 0x0000024b8fbfbe60 Thread added: 0x0000024bb1b601c0
Event: 0.045 Thread 0x0000024b8fbfbe60 Thread added: 0x0000024bb1b60c30
Event: 0.045 Thread 0x0000024b8fbfbe60 Thread added: 0x0000024bb1b613c0
Event: 0.072 Thread 0x0000024b8fbfbe60 Thread added: 0x0000024bb1c3d180
Event: 0.088 Thread 0x0000024bb1b60c30 Thread added: 0x0000024bb1c7a3a0
Event: 0.091 Thread 0x0000024b8fbfbe60 Thread added: 0x0000024bb1d6f5d0
Event: 0.176 Thread 0x0000024b8fbfbe60 Thread added: 0x0000024bb1f3e890
Event: 0.177 Thread 0x0000024b8fbfbe60 Thread added: 0x0000024bf74ba010
Event: 0.177 Thread 0x0000024b8fbfbe60 Thread added: 0x0000024bf7245270
Event: 0.317 Thread 0x0000024b8fbfbe60 Thread added: 0x0000024bf76489d0
Event: 0.317 Thread 0x0000024b8fbfbe60 Thread exited: 0x0000024b8fbfbe60
Event: 0.317 Thread 0x0000024b8fbfbe60 Thread added: 0x0000024b8fbfbe60


Dynamic libraries:
0x00007ff7d3810000 - 0x00007ff7d381e000 	C:\Program Files\Apache NetBeans\jdk\bin\java.exe
0x00007ffe5dfc0000 - 0x00007ffe5e228000 	C:\WINDOWS\SYSTEM32\ntdll.dll
0x00007ffe5cde0000 - 0x00007ffe5cea9000 	C:\WINDOWS\System32\KERNEL32.DLL
0x00007ffe5b110000 - 0x00007ffe5b508000 	C:\WINDOWS\System32\KERNELBASE.dll
0x00007ffe5b880000 - 0x00007ffe5b9cb000 	C:\WINDOWS\System32\ucrtbase.dll
0x00007ffe48860000 - 0x00007ffe4887e000 	C:\Program Files\Apache NetBeans\jdk\bin\VCRUNTIME140.dll
0x00007ffe47da0000 - 0x00007ffe47db6000 	C:\Program Files\Apache NetBeans\jdk\bin\jli.dll
0x00007ffe5bd60000 - 0x00007ffe5bf27000 	C:\WINDOWS\System32\USER32.dll
0x00007ffe3ef30000 - 0x00007ffe3f1c4000 	C:\WINDOWS\WinSxS\amd64_microsoft.windows.common-controls_6595b64144ccf1df_6.0.26100.7019_none_3e06ffa0e335b8a8\COMCTL32.dll
0x00007ffe5ba90000 - 0x00007ffe5bab7000 	C:\WINDOWS\System32\win32u.dll
0x00007ffe5d2b0000 - 0x00007ffe5d359000 	C:\WINDOWS\System32\msvcrt.dll
0x00007ffe5de90000 - 0x00007ffe5debb000 	C:\WINDOWS\System32\GDI32.dll
0x00007ffe5bac0000 - 0x00007ffe5bbec000 	C:\WINDOWS\System32\gdi32full.dll
0x00007ffe5b7d0000 - 0x00007ffe5b873000 	C:\WINDOWS\System32\msvcp_win.dll
0x00007ffe5c4c0000 - 0x00007ffe5c4f1000 	C:\WINDOWS\System32\IMM32.DLL
0x00007ffe57e30000 - 0x00007ffe57e3c000 	C:\Program Files\Apache NetBeans\jdk\bin\vcruntime140_1.dll
0x00007ffe0c2d0000 - 0x00007ffe0c35d000 	C:\Program Files\Apache NetBeans\jdk\bin\msvcp140.dll
0x00007ffda32a0000 - 0x00007ffda411c000 	C:\Program Files\Apache NetBeans\jdk\bin\server\jvm.dll
0x00007ffe5dec0000 - 0x00007ffe5df74000 	C:\WINDOWS\System32\ADVAPI32.dll
0x00007ffe5d200000 - 0x00007ffe5d2a6000 	C:\WINDOWS\System32\sechost.dll
0x00007ffe5d0e0000 - 0x00007ffe5d1f8000 	C:\WINDOWS\System32\RPCRT4.dll
0x00007ffe5cc60000 - 0x00007ffe5ccd4000 	C:\WINDOWS\System32\WS2_32.dll
0x00007ffe5af70000 - 0x00007ffe5afce000 	C:\WINDOWS\SYSTEM32\POWRPROF.dll
0x00007ffe53760000 - 0x00007ffe5376b000 	C:\WINDOWS\SYSTEM32\VERSION.dll
0x00007ffe3f5a0000 - 0x00007ffe3f5d5000 	C:\WINDOWS\SYSTEM32\WINMM.dll
0x00007ffe5af50000 - 0x00007ffe5af64000 	C:\WINDOWS\SYSTEM32\UMPDC.dll
0x00007ffe59ed0000 - 0x00007ffe59eeb000 	C:\WINDOWS\SYSTEM32\kernel.appcore.dll
0x00007ffe57db0000 - 0x00007ffe57dba000 	C:\Program Files\Apache NetBeans\jdk\bin\jimage.dll
0x00007ffe58720000 - 0x00007ffe58962000 	C:\WINDOWS\SYSTEM32\DBGHELP.DLL
0x00007ffe5d440000 - 0x00007ffe5d7cb000 	C:\WINDOWS\System32\combase.dll
0x00007ffe5d360000 - 0x00007ffe5d437000 	C:\WINDOWS\System32\OLEAUT32.dll
0x00007ffe3b640000 - 0x00007ffe3b67c000 	C:\WINDOWS\SYSTEM32\dbgcore.DLL
0x00007ffe5b720000 - 0x00007ffe5b7c5000 	C:\WINDOWS\System32\bcryptPrimitives.dll
0x00007ffe486b0000 - 0x00007ffe486ce000 	C:\Program Files\Apache NetBeans\jdk\bin\java.dll
0x00007ffe5d830000 - 0x00007ffe5d9c7000 	C:\WINDOWS\System32\ole32.dll
0x00007ffe5c500000 - 0x00007ffe5cc4f000 	C:\WINDOWS\System32\SHELL32.dll
0x00007ffe5bbf0000 - 0x00007ffe5bd5b000 	C:\WINDOWS\System32\wintypes.dll
0x00007ffe58d50000 - 0x00007ffe595ad000 	C:\WINDOWS\SYSTEM32\windows.storage.dll
0x00007ffe5ceb0000 - 0x00007ffe5cfa2000 	C:\WINDOWS\System32\SHCORE.dll
0x00007ffe5dbb0000 - 0x00007ffe5dc17000 	C:\WINDOWS\System32\shlwapi.dll
0x00007ffe5b030000 - 0x00007ffe5b059000 	C:\WINDOWS\SYSTEM32\profapi.dll
0x00007ffe0c620000 - 0x00007ffe0c6f7000 	C:\Program Files\Apache NetBeans\jdk\bin\jsvml.dll
0x00007ffe486a0000 - 0x00007ffe486b0000 	C:\Program Files\Apache NetBeans\jdk\bin\net.dll
0x00007ffe5a440000 - 0x00007ffe5a4ab000 	C:\WINDOWS\system32\mswsock.dll
0x00007ffe41e80000 - 0x00007ffe41e96000 	C:\Program Files\Apache NetBeans\jdk\bin\nio.dll
0x00007ffe45170000 - 0x00007ffe45187000 	C:\Program Files\Apache NetBeans\jdk\bin\zip.dll
0x00007ffdf9a20000 - 0x00007ffdf9b9e000 	C:\Program Files\Apache NetBeans\jdk\bin\awt.dll
0x00007ffe57e40000 - 0x00007ffe57edf000 	C:\WINDOWS\SYSTEM32\apphelp.dll
0x00007ffe58060000 - 0x00007ffe5810a000 	C:\WINDOWS\system32\uxtheme.dll
0x00007ffe5dc30000 - 0x00007ffe5dd8e000 	C:\WINDOWS\System32\MSCTF.dll
0x00007ffe58310000 - 0x00007ffe58340000 	C:\WINDOWS\system32\DWMAPI.DLL
0x00007ffdf8a40000 - 0x00007ffdf8ac7000 	C:\Program Files\Apache NetBeans\jdk\bin\freetype.dll
0x00007ffdf29d0000 - 0x00007ffdf2ab9000 	C:\Program Files\Apache NetBeans\jdk\bin\fontmanager.dll
0x00007ffe42de0000 - 0x00007ffe42eec000 	C:\WINDOWS\system32\opengl32.dll
0x00007ffe48520000 - 0x00007ffe4854d000 	C:\WINDOWS\SYSTEM32\GLU32.dll
0x00007ffe58140000 - 0x00007ffe58183000 	C:\WINDOWS\SYSTEM32\dxcore.dll
0x00007ffe2aa90000 - 0x00007ffe2aabe000 	C:\Program Files\Apache NetBeans\jdk\bin\javajpeg.dll

JVMTI agents: none

dbghelp: loaded successfully - version: 4.0.5 - missing functions: none
symbol engine: initialized successfully - sym options: 0x614 - pdb path: .;C:\Program Files\Apache NetBeans\jdk\bin;C:\WINDOWS\SYSTEM32;C:\WINDOWS\WinSxS\amd64_microsoft.windows.common-controls_6595b64144ccf1df_6.0.26100.7019_none_3e06ffa0e335b8a8;C:\Program Files\Apache NetBeans\jdk\bin\server

VM Arguments:
jvm_args: -Dfile.encoding=UTF-8 --module-path=C:\Users\DELL\Documents\NetBeansProjects\ project_1\build\classes 
java_command: project_1
java_class_path (initial): C:\Users\DELL\Documents\NetBeansProjects\ project_1\lib\absolutelayout\AbsoluteLayout.jar;C:\Users\DELL\Documents\NetBeansProjects\ project_1\lib\mysql-connector-j-9.5.0.jar;C:\Users\DELL\Documents\NetBeansProjects\ project_1\build\classes
Launcher Type: SUN_STANDARD

[Global flags]
     intx CICompilerCount                          = 4                                         {product} {ergonomic}
     uint ConcGCThreads                            = 3                                         {product} {ergonomic}
     uint G1ConcRefinementThreads                  = 10                                        {product} {ergonomic}
   size_t G1HeapRegionSize                         = 2097152                                   {product} {ergonomic}
   size_t InitialHeapSize                          = 264241152                                 {product} {ergonomic}
   size_t MarkStackSize                            = 4194304                                   {product} {ergonomic}
   size_t MarkStackSizeMax                         = 536870912                                 {product} {ergonomic}
   size_t MaxHeapSize                              = 4221566976                                {product} {ergonomic}
   size_t MaxNewSize                               = 2531262464                                {product} {ergonomic}
   size_t MinHeapDeltaBytes                        = 2097152                                   {product} {ergonomic}
   size_t MinHeapSize                              = 8388608                                   {product} {ergonomic}
    uintx NonNMethodCodeHeapSize                   = 5832704                                {pd product} {ergonomic}
    uintx NonProfiledCodeHeapSize                  = 122945536                              {pd product} {ergonomic}
    uintx ProfiledCodeHeapSize                     = 122880000                              {pd product} {ergonomic}
    uintx ReservedCodeCacheSize                    = 251658240                              {pd product} {ergonomic}
     bool SegmentedCodeCache                       = true                                      {product} {ergonomic}
   size_t SoftMaxHeapSize                          = 4221566976                             {manageable} {ergonomic}
     bool UseCompressedOops                        = true                           {product lp64_product} {ergonomic}
     bool UseG1GC                                  = true                                      {product} {ergonomic}
     bool UseLargePagesIndividualAllocation        = false                                  {pd product} {ergonomic}

Logging:
Log output configuration:
 #0: stdout all=warning uptime,level,tags foldmultilines=false
 #1: stderr all=off uptime,level,tags foldmultilines=false

Environment Variables:
PATH=C:\Program Files\Common Files\Oracle\Java\javapath;C:\WINDOWS\system32;C:\WINDOWS;C:\WINDOWS\System32\Wbem;C:\WINDOWS\System32\WindowsPowerShell\v1.0\;C:\WINDOWS\System32\OpenSSH\;C:\Program Files\dotnet\;C:\Program Files\MySQL\MySQL Server 8.0\bin;C:\Program Files\Java\jdk-25\bin;C:\Program Files (x86)\Windows Kits\10\Windows Performance Toolkit\;C:\Program Files\MySQL\MySQL Server 8.0\bin;C:\Program Files\MySQL\MySQL Shell 8.0\bin\;C:\Users\DELL\AppData\Local\Microsoft\WindowsApps;C:\Users\DELL\AppData\Local\Programs\Microsoft VS Code\bin;
USERNAME=DELL
OS=Windows_NT
PROCESSOR_IDENTIFIER=Intel64 Family 6 Model 158 Stepping 13, GenuineIntel
TMP=C:\Users\DELL\AppData\Local\Temp
TEMP=C:\Users\DELL\AppData\Local\Temp




Periodic native trim disabled

---------------  S Y S T E M  ---------------

OS:
 Windows 11 , 64 bit Build 26100 (10.0.26100.7019)
OS uptime: 8 days 0:39 hours

CPU: total 12 (initial active 12) (6 cores per cpu, 2 threads per core) family 6 model 158 stepping 13 microcode 0xf4, cx8, cmov, fxsr, ht, mmx, 3dnowpref, sse, sse2, sse3, ssse3, sse4.1, sse4.2, popcnt, lzcnt, tsc, tscinvbit, avx, avx2, aes, erms, clmul, bmi1, bmi2, adx, fma, vzeroupper, clflush, clflushopt, rdtscp, f16c
Processor Information for processor 0
  Max Mhz: 2592, Current Mhz: 2592, Mhz Limit: 2592
Processor Information for processor 1
  Max Mhz: 2592, Current Mhz: 1495, Mhz Limit: 2592
Processor Information for processor 2
  Max Mhz: 2592, Current Mhz: 1495, Mhz Limit: 2592
Processor Information for processor 3
  Max Mhz: 2592, Current Mhz: 2592, Mhz Limit: 2592
Processor Information for processor 4
  Max Mhz: 2592, Current Mhz: 2592, Mhz Limit: 2592
Processor Information for processor 5
  Max Mhz: 2592, Current Mhz: 1495, Mhz Limit: 2592
Processor Information for processor 6
  Max Mhz: 2592, Current Mhz: 2592, Mhz Limit: 2592
Processor Information for processor 7
  Max Mhz: 2592, Current Mhz: 1495, Mhz Limit: 2592
Processor Information for processor 8
  Max Mhz: 2592, Current Mhz: 2592, Mhz Limit: 2592
Processor Information for processor 9
  Max Mhz: 2592, Current Mhz: 1495, Mhz Limit: 2592
Processor Information for processor 10
  Max Mhz: 2592, Current Mhz: 1495, Mhz Limit: 2592
Processor Information for processor 11
  Max Mhz: 2592, Current Mhz: 1495, Mhz Limit: 2592

Memory: 4k page, system-wide physical 16102M (4318M free)
TotalPageFile size 34710M (AvailPageFile size 764M)
current process WorkingSet (physical memory assigned to process): 77M, peak: 77M
current process commit charge ("private bytes"): 365M, peak: 366M

vm_info: OpenJDK 64-Bit Server VM (24.0.2+12) for windows-amd64 JRE (24.0.2+12) (Zulu24.32+13-CA), built on 2025-07-11T12:45:44Z with MS VC++ 17.1 (VS2022)

END.
